Sales_History.csv
date,sku_id,category,supplier_id,units_sold,price,promo_flag,is_black_friday_week,is_christmas_peak
1/1/21,6,Hand Tools,SUP_C,23,118.03,0,0,0
1/2/21,6,Hand Tools,SUP_C,26,120.51,0,0,0
1/3/21,6,Hand Tools,SUP_C,31,121.02,0,0,0
1/4/21,6,Hand Tools,SUP_C,26,118.9,0,0,0
1/5/21,6,Hand Tools,SUP_C,19,118.63,0,0,0
1/6/21,6,Hand Tools,SUP_C,18,123.68,0,0,0
1/7/21,6,Hand Tools,SUP_C,15,126.33,0,0,0
1/8/21,6,Hand Tools,SUP_C,26,123.26,0,0,0
1/9/21,6,Hand Tools,SUP_C,22,119.88,0,0,0
1/10/21,6,Hand Tools,SUP_C,21,123.41,0,0,0
1/11/21,6,Hand Tools,SUP_C,23,117.16,0,0,0
1/12/21,6,Hand Tools,SUP_C,13,116.1,0,0,0
1/13/21,6,Hand Tools,SUP_C,15,121.87,0,0,0
1/14/21,6,Hand Tools,SUP_C,12,123.1,0,0,0
1/15/21,6,Hand Tools,SUP_C,17,116.25,0,0,0
1/16/21,6,Hand Tools,SUP_C,23,126.05,0,0,0
1/17/21,6,Hand Tools,SUP_C,26,124.76,0,0,0
1/18/21,6,Hand Tools,SUP_C,21,115.9,0,0,0
1/19/21,6,Hand Tools,SUP_C,18,125.15,0,0,0
1/20/21,6,Hand Tools,SUP_C,19,123.07,0,0,0
1/21/21,6,Hand Tools,SUP_C,20,122.22,0,0,0
1/22/21,6,Hand Tools,SUP_C,13,119.2,0,0,0
1/23/21,6,Hand Tools,SUP_C,26,122.07,0,0,0
1/24/21,6,Hand Tools,SUP_C,20,123.24,0,0,0
1/25/21,6,Hand Tools,SUP_C,18,125.76,0,0,0
1/26/21,6,Hand Tools,SUP_C,20,116.06,0,0,0
1/27/21,6,Hand Tools,SUP_C,18,125.36,0,0,0
1/28/21,6,Hand Tools,SUP_C,28,123.97,0,0,0
1/29/21,6,Hand Tools,SUP_C,25,120.11,0,0,0
1/30/21,6,Hand Tools,SUP_C,28,124.09,0,0,0
1/31/21,6,Hand Tools,SUP_C,23,126.93,0,0,0
2/1/21,6,Hand Tools,SUP_C,26,126.68,0,0,0
2/2/21,6,Hand Tools,SUP_C,19,116.03,0,0,0
2/3/21,6,Hand Tools,SUP_C,21,122.2,0,0,0
2/4/21,6,Hand Tools,SUP_C,21,125.19,0,0,0
2/5/21,6,Hand Tools,SUP_C,15,125.98,0,0,0
2/6/21,6,Hand Tools,SUP_C,20,121.24,0,0,0
2/7/21,6,Hand Tools,SUP_C,26,116.01,0,0,0
2/8/21,6,Hand Tools,SUP_C,20,118.14,0,0,0
2/9/21,6,Hand Tools,SUP_C,17,120.18,0,0,0
2/10/21,6,Hand Tools,SUP_C,29,117.13,0,0,0
2/11/21,6,Hand Tools,SUP_C,21,118.99,0,0,0
2/12/21,6,Hand Tools,SUP_C,19,125.78,0,0,0
2/13/21,6,Hand Tools,SUP_C,30,124.91,0,0,0
2/14/21,6,Hand Tools,SUP_C,23,115.3,0,0,0
2/15/21,6,Hand Tools,SUP_C,12,115.85,0,0,0
2/16/21,6,Hand Tools,SUP_C,22,122.22,0,0,0
2/17/21,6,Hand Tools,SUP_C,17,124.79,0,0,0
2/18/21,6,Hand Tools,SUP_C,15,126.66,0,0,0
2/19/21,6,Hand Tools,SUP_C,15,124.88,0,0,0
2/20/21,6,Hand Tools,SUP_C,23,115.04,0,0,0
2/21/21,6,Hand Tools,SUP_C,28,116.79,0,0,0
2/22/21,6,Hand Tools,SUP_C,18,118.69,0,0,0
2/23/21,6,Hand Tools,SUP_C,20,124.93,0,0,0
2/24/21,6,Hand Tools,SUP_C,16,118.98,0,0,0
2/25/21,6,Hand Tools,SUP_C,16,121.69,0,0,0
2/26/21,6,Hand Tools,SUP_C,26,117.97,0,0,0
2/27/21,6,Hand Tools,SUP_C,30,115.85,0,0,0
2/28/21,6,Hand Tools,SUP_C,23,126.67,0,0,0
3/1/21,6,Hand Tools,SUP_C,41,97.12,1,0,0
3/2/21,6,Hand Tools,SUP_C,48,100.52,1,0,0
3/3/21,6,Hand Tools,SUP_C,39,85.98,1,0,0
3/4/21,6,Hand Tools,SUP_C,41,92.36,1,0,0
3/5/21,6,Hand Tools,SUP_C,43,90.58,1,0,0
3/6/21,6,Hand Tools,SUP_C,53,84.65,1,0,0
3/7/21,6,Hand Tools,SUP_C,41,104.12,1,0,0
3/8/21,6,Hand Tools,SUP_C,23,117.46,0,0,0
3/9/21,6,Hand Tools,SUP_C,20,118.18,0,0,0
3/10/21,6,Hand Tools,SUP_C,29,123.39,0,0,0
3/11/21,6,Hand Tools,SUP_C,24,121.42,0,0,0
3/12/21,6,Hand Tools,SUP_C,14,120.49,0,0,0
3/13/21,6,Hand Tools,SUP_C,20,122.62,0,0,0
3/14/21,6,Hand Tools,SUP_C,30,114.92,0,0,0
3/15/21,6,Hand Tools,SUP_C,17,121.77,0,0,0
3/16/21,6,Hand Tools,SUP_C,22,120.6,0,0,0
3/17/21,6,Hand Tools,SUP_C,16,123.93,0,0,0
3/18/21,6,Hand Tools,SUP_C,18,122.48,0,0,0
3/19/21,6,Hand Tools,SUP_C,23,116.16,0,0,0
3/20/21,6,Hand Tools,SUP_C,20,121.16,0,0,0
3/21/21,6,Hand Tools,SUP_C,25,116.31,0,0,0
3/22/21,6,Hand Tools,SUP_C,18,122.01,0,0,0
3/23/21,6,Hand Tools,SUP_C,11,116.52,0,0,0
3/24/21,6,Hand Tools,SUP_C,24,120.07,0,0,0
3/25/21,6,Hand Tools,SUP_C,20,123.3,0,0,0
3/26/21,6,Hand Tools,SUP_C,18,121.46,0,0,0
3/27/21,6,Hand Tools,SUP_C,29,118.64,0,0,0
3/28/21,6,Hand Tools,SUP_C,31,123.98,0,0,0
3/29/21,6,Hand Tools,SUP_C,29,95.7,1,0,0
3/30/21,6,Hand Tools,SUP_C,33,88.24,1,0,0
3/31/21,6,Hand Tools,SUP_C,43,97.18,1,0,0
4/1/21,6,Hand Tools,SUP_C,27,94.03,1,0,0
4/2/21,6,Hand Tools,SUP_C,36,97.04,1,0,0
4/3/21,6,Hand Tools,SUP_C,53,84.51,1,0,0
4/4/21,6,Hand Tools,SUP_C,38,112.16,1,0,0
4/5/21,6,Hand Tools,SUP_C,58,96.48,1,0,0
4/6/21,6,Hand Tools,SUP_C,33,107.88,1,0,0
4/7/21,6,Hand Tools,SUP_C,36,84.57,1,0,0
4/8/21,6,Hand Tools,SUP_C,37,103.4,1,0,0
4/9/21,6,Hand Tools,SUP_C,41,90.52,1,0,0
4/10/21,6,Hand Tools,SUP_C,53,97.36,1,0,0
4/11/21,6,Hand Tools,SUP_C,36,102.67,1,0,0
4/12/21,6,Hand Tools,SUP_C,20,119.08,0,0,0
4/13/21,6,Hand Tools,SUP_C,24,123.08,0,0,0
4/14/21,6,Hand Tools,SUP_C,20,120.03,0,0,0
4/15/21,6,Hand Tools,SUP_C,23,118.29,0,0,0
4/16/21,6,Hand Tools,SUP_C,21,122.61,0,0,0
4/17/21,6,Hand Tools,SUP_C,24,117.11,0,0,0
4/18/21,6,Hand Tools,SUP_C,29,119.85,0,0,0
4/19/21,6,Hand Tools,SUP_C,26,117.39,0,0,0
4/20/21,6,Hand Tools,SUP_C,27,124.45,0,0,0
4/21/21,6,Hand Tools,SUP_C,24,117.65,0,0,0
4/22/21,6,Hand Tools,SUP_C,22,121.58,0,0,0
4/23/21,6,Hand Tools,SUP_C,25,122.27,0,0,0
4/24/21,6,Hand Tools,SUP_C,26,123.25,0,0,0
4/25/21,6,Hand Tools,SUP_C,28,125.68,0,0,0
4/26/21,6,Hand Tools,SUP_C,19,120.35,0,0,0
4/27/21,6,Hand Tools,SUP_C,24,122.1,0,0,0
4/28/21,6,Hand Tools,SUP_C,20,119.18,0,0,0
4/29/21,6,Hand Tools,SUP_C,12,119.91,0,0,0
4/30/21,6,Hand Tools,SUP_C,15,119.6,0,0,0
5/1/21,6,Hand Tools,SUP_C,28,121.85,0,0,0
5/2/21,6,Hand Tools,SUP_C,25,122.92,0,0,0
5/3/21,6,Hand Tools,SUP_C,38,89.3,1,0,0
5/4/21,6,Hand Tools,SUP_C,35,85.43,1,0,0
5/5/21,6,Hand Tools,SUP_C,44,90.35,1,0,0
5/6/21,6,Hand Tools,SUP_C,42,103.38,1,0,0
5/7/21,6,Hand Tools,SUP_C,29,83.16,1,0,0
5/8/21,6,Hand Tools,SUP_C,39,100.07,1,0,0
5/9/21,6,Hand Tools,SUP_C,37,94.01,1,0,0
5/10/21,6,Hand Tools,SUP_C,16,115.38,0,0,0
5/11/21,6,Hand Tools,SUP_C,15,126.56,0,0,0
5/12/21,6,Hand Tools,SUP_C,19,115.45,0,0,0
5/13/21,6,Hand Tools,SUP_C,23,119.14,0,0,0
5/14/21,6,Hand Tools,SUP_C,16,120.76,0,0,0
5/15/21,6,Hand Tools,SUP_C,17,122.06,0,0,0
5/16/21,6,Hand Tools,SUP_C,27,122.19,0,0,0
5/17/21,6,Hand Tools,SUP_C,20,122.78,0,0,0
5/18/21,6,Hand Tools,SUP_C,15,120.36,0,0,0
5/19/21,6,Hand Tools,SUP_C,16,116.7,0,0,0
5/20/21,6,Hand Tools,SUP_C,20,118.57,0,0,0
5/21/21,6,Hand Tools,SUP_C,22,117.96,0,0,0
5/22/21,6,Hand Tools,SUP_C,26,119.68,0,0,0
5/23/21,6,Hand Tools,SUP_C,20,120.19,0,0,0
5/24/21,6,Hand Tools,SUP_C,14,126.24,0,0,0
5/25/21,6,Hand Tools,SUP_C,24,121.67,0,0,0
5/26/21,6,Hand Tools,SUP_C,30,126.32,0,0,0
5/27/21,6,Hand Tools,SUP_C,18,124.02,0,0,0
5/28/21,6,Hand Tools,SUP_C,18,120.82,0,0,0
5/29/21,6,Hand Tools,SUP_C,24,119.1,0,0,0
5/30/21,6,Hand Tools,SUP_C,17,119.03,0,0,0
5/31/21,6,Hand Tools,SUP_C,15,126.19,0,0,0
6/1/21,6,Hand Tools,SUP_C,23,117.8,0,0,0
6/2/21,6,Hand Tools,SUP_C,18,121.64,0,0,0
6/3/21,6,Hand Tools,SUP_C,17,118.41,0,0,0
6/4/21,6,Hand Tools,SUP_C,20,116.24,0,0,0
6/5/21,6,Hand Tools,SUP_C,25,117.23,0,0,0
6/6/21,6,Hand Tools,SUP_C,17,123.02,0,0,0
6/7/21,6,Hand Tools,SUP_C,12,124.23,0,0,0
6/8/21,6,Hand Tools,SUP_C,17,115.3,0,0,0
6/9/21,6,Hand Tools,SUP_C,18,120.82,0,0,0
6/10/21,6,Hand Tools,SUP_C,18,118.05,0,0,0
6/11/21,6,Hand Tools,SUP_C,20,122.41,0,0,0
6/12/21,6,Hand Tools,SUP_C,24,126.81,0,0,0
6/13/21,6,Hand Tools,SUP_C,14,125.97,0,0,0
6/14/21,6,Hand Tools,SUP_C,26,92.55,1,0,0
6/15/21,6,Hand Tools,SUP_C,29,92.47,1,0,0
6/16/21,6,Hand Tools,SUP_C,42,96.54,1,0,0
6/17/21,6,Hand Tools,SUP_C,34,84.95,1,0,0
6/18/21,6,Hand Tools,SUP_C,42,87.12,1,0,0
6/19/21,6,Hand Tools,SUP_C,28,81.7,1,0,0
6/20/21,6,Hand Tools,SUP_C,42,88.38,1,0,0
6/21/21,6,Hand Tools,SUP_C,18,118.82,0,0,0
6/22/21,6,Hand Tools,SUP_C,15,123.31,0,0,0
6/23/21,6,Hand Tools,SUP_C,19,126.76,0,0,0
6/24/21,6,Hand Tools,SUP_C,18,121.57,0,0,0
6/25/21,6,Hand Tools,SUP_C,11,121.1,0,0,0
6/26/21,6,Hand Tools,SUP_C,14,118.54,0,0,0
6/27/21,6,Hand Tools,SUP_C,19,122.72,0,0,0
6/28/21,6,Hand Tools,SUP_C,21,119.67,0,0,0
6/29/21,6,Hand Tools,SUP_C,8,119.82,0,0,0
6/30/21,6,Hand Tools,SUP_C,19,118.53,0,0,0
7/1/21,6,Hand Tools,SUP_C,17,126.31,0,0,0
7/2/21,6,Hand Tools,SUP_C,14,121.39,0,0,0
7/3/21,6,Hand Tools,SUP_C,23,117.58,0,0,0
7/4/21,6,Hand Tools,SUP_C,19,117.96,0,0,0
7/5/21,6,Hand Tools,SUP_C,20,117.6,0,0,0
7/6/21,6,Hand Tools,SUP_C,13,116,0,0,0
7/7/21,6,Hand Tools,SUP_C,17,117.29,0,0,0
7/8/21,6,Hand Tools,SUP_C,16,121.72,0,0,0
7/9/21,6,Hand Tools,SUP_C,19,119.01,0,0,0
7/10/21,6,Hand Tools,SUP_C,25,126.39,0,0,0
7/11/21,6,Hand Tools,SUP_C,26,125.05,0,0,0
7/12/21,6,Hand Tools,SUP_C,15,125.48,0,0,0
7/13/21,6,Hand Tools,SUP_C,17,126.34,0,0,0
7/14/21,6,Hand Tools,SUP_C,20,126.69,0,0,0
7/15/21,6,Hand Tools,SUP_C,12,123,0,0,0
7/16/21,6,Hand Tools,SUP_C,13,117.9,0,0,0
7/17/21,6,Hand Tools,SUP_C,18,117.06,0,0,0
7/18/21,6,Hand Tools,SUP_C,21,125.22,0,0,0
7/19/21,6,Hand Tools,SUP_C,35,84.4,1,0,0
7/20/21,6,Hand Tools,SUP_C,29,104.16,1,0,0
7/21/21,6,Hand Tools,SUP_C,29,106.58,1,0,0
7/22/21,6,Hand Tools,SUP_C,23,98.47,1,0,0
7/23/21,6,Hand Tools,SUP_C,35,85.29,1,0,0
7/24/21,6,Hand Tools,SUP_C,27,103,1,0,0
7/25/21,6,Hand Tools,SUP_C,43,100.79,1,0,0
7/26/21,6,Hand Tools,SUP_C,9,116.24,0,0,0
7/27/21,6,Hand Tools,SUP_C,16,115.52,0,0,0
7/28/21,6,Hand Tools,SUP_C,16,116.33,0,0,0
7/29/21,6,Hand Tools,SUP_C,20,119.22,0,0,0
7/30/21,6,Hand Tools,SUP_C,15,114.98,0,0,0
7/31/21,6,Hand Tools,SUP_C,14,116.22,0,0,0
8/1/21,6,Hand Tools,SUP_C,22,124.5,0,0,0
8/2/21,6,Hand Tools,SUP_C,18,115.48,0,0,0
8/3/21,6,Hand Tools,SUP_C,20,120.5,0,0,0
8/4/21,6,Hand Tools,SUP_C,17,119.09,0,0,0
8/5/21,6,Hand Tools,SUP_C,22,123.96,0,0,0
8/6/21,6,Hand Tools,SUP_C,20,123.96,0,0,0
8/7/21,6,Hand Tools,SUP_C,13,126.78,0,0,0
8/8/21,6,Hand Tools,SUP_C,22,115.63,0,0,0
8/9/21,6,Hand Tools,SUP_C,15,122.91,0,0,0
8/10/21,6,Hand Tools,SUP_C,17,115.13,0,0,0
8/11/21,6,Hand Tools,SUP_C,12,121.78,0,0,0
8/12/21,6,Hand Tools,SUP_C,12,125.83,0,0,0
8/13/21,6,Hand Tools,SUP_C,16,125.3,0,0,0
8/14/21,6,Hand Tools,SUP_C,19,115.54,0,0,0
8/15/21,6,Hand Tools,SUP_C,23,125.32,0,0,0
8/16/21,6,Hand Tools,SUP_C,19,124.55,0,0,0
8/17/21,6,Hand Tools,SUP_C,22,116.77,0,0,0
8/18/21,6,Hand Tools,SUP_C,20,118.24,0,0,0
8/19/21,6,Hand Tools,SUP_C,11,126.12,0,0,0
8/20/21,6,Hand Tools,SUP_C,17,126.91,0,0,0
8/21/21,6,Hand Tools,SUP_C,20,123.34,0,0,0
8/22/21,6,Hand Tools,SUP_C,22,122.25,0,0,0
8/23/21,6,Hand Tools,SUP_C,12,124.97,0,0,0
8/24/21,6,Hand Tools,SUP_C,13,125.21,0,0,0
8/25/21,6,Hand Tools,SUP_C,19,116.49,0,0,0
8/26/21,6,Hand Tools,SUP_C,21,121.86,0,0,0
8/27/21,6,Hand Tools,SUP_C,12,124.48,0,0,0
8/28/21,6,Hand Tools,SUP_C,22,123.62,0,0,0
8/29/21,6,Hand Tools,SUP_C,17,117.71,0,0,0
8/30/21,6,Hand Tools,SUP_C,12,116.29,0,0,0
8/31/21,6,Hand Tools,SUP_C,23,121.25,0,0,0
9/1/21,6,Hand Tools,SUP_C,23,123.28,0,0,0
9/2/21,6,Hand Tools,SUP_C,15,122.76,0,0,0
9/3/21,6,Hand Tools,SUP_C,23,126.2,0,0,0
9/4/21,6,Hand Tools,SUP_C,24,118.38,0,0,0
9/5/21,6,Hand Tools,SUP_C,30,121.97,0,0,0
9/6/21,6,Hand Tools,SUP_C,15,120.49,0,0,0
9/7/21,6,Hand Tools,SUP_C,30,121.21,0,0,0
9/8/21,6,Hand Tools,SUP_C,26,121.41,0,0,0
9/9/21,6,Hand Tools,SUP_C,21,122.68,0,0,0
9/10/21,6,Hand Tools,SUP_C,23,120.6,0,0,0
9/11/21,6,Hand Tools,SUP_C,25,116.93,0,0,0
9/12/21,6,Hand Tools,SUP_C,11,125.05,0,0,0
9/13/21,6,Hand Tools,SUP_C,14,120.33,0,0,0
9/14/21,6,Hand Tools,SUP_C,18,124.41,0,0,0
9/15/21,6,Hand Tools,SUP_C,24,118.71,0,0,0
9/16/21,6,Hand Tools,SUP_C,13,120.8,0,0,0
9/17/21,6,Hand Tools,SUP_C,24,122.97,0,0,0
9/18/21,6,Hand Tools,SUP_C,20,117.25,0,0,0
9/19/21,6,Hand Tools,SUP_C,27,121.35,0,0,0
9/20/21,6,Hand Tools,SUP_C,17,122.24,0,0,0
9/21/21,6,Hand Tools,SUP_C,15,126.43,0,0,0
9/22/21,6,Hand Tools,SUP_C,22,118.66,0,0,0
9/23/21,6,Hand Tools,SUP_C,23,120.48,0,0,0
9/24/21,6,Hand Tools,SUP_C,25,123.25,0,0,0
9/25/21,6,Hand Tools,SUP_C,28,119.37,0,0,0
9/26/21,6,Hand Tools,SUP_C,29,123.5,0,0,0
9/27/21,6,Hand Tools,SUP_C,18,126.76,0,0,0
9/28/21,6,Hand Tools,SUP_C,15,117.49,0,0,0
9/29/21,6,Hand Tools,SUP_C,27,121.5,0,0,0
9/30/21,6,Hand Tools,SUP_C,22,124.43,0,0,0
10/1/21,6,Hand Tools,SUP_C,28,126.81,0,0,0
10/2/21,6,Hand Tools,SUP_C,38,122.23,0,0,0
10/3/21,6,Hand Tools,SUP_C,22,125.33,0,0,0
10/4/21,6,Hand Tools,SUP_C,19,115.1,0,0,0
10/5/21,6,Hand Tools,SUP_C,30,124.06,0,0,0
10/6/21,6,Hand Tools,SUP_C,23,120.7,0,0,0
10/7/21,6,Hand Tools,SUP_C,24,123.64,0,0,0
10/8/21,6,Hand Tools,SUP_C,21,125.86,0,0,0
10/9/21,6,Hand Tools,SUP_C,34,120.2,0,0,0
10/10/21,6,Hand Tools,SUP_C,35,121.72,0,0,0
10/11/21,6,Hand Tools,SUP_C,45,92.94,1,0,0
10/12/21,6,Hand Tools,SUP_C,32,103.11,1,0,0
10/13/21,6,Hand Tools,SUP_C,42,96.1,1,0,0
10/14/21,6,Hand Tools,SUP_C,46,82.83,1,0,0
10/15/21,6,Hand Tools,SUP_C,47,109.31,1,0,0
10/16/21,6,Hand Tools,SUP_C,55,103.76,1,0,0
10/17/21,6,Hand Tools,SUP_C,61,87.69,1,0,0
10/18/21,6,Hand Tools,SUP_C,21,118.73,0,0,0
10/19/21,6,Hand Tools,SUP_C,26,122.12,0,0,0
10/20/21,6,Hand Tools,SUP_C,26,117.02,0,0,0
10/21/21,6,Hand Tools,SUP_C,26,125.43,0,0,0
10/22/21,6,Hand Tools,SUP_C,32,126.51,0,0,0
10/23/21,6,Hand Tools,SUP_C,36,126.04,0,0,0
10/24/21,6,Hand Tools,SUP_C,34,118.28,0,0,0
10/25/21,6,Hand Tools,SUP_C,23,121.03,0,0,0
10/26/21,6,Hand Tools,SUP_C,17,119.94,0,0,0
10/27/21,6,Hand Tools,SUP_C,33,125.19,0,0,0
10/28/21,6,Hand Tools,SUP_C,38,121.19,0,0,0
10/29/21,6,Hand Tools,SUP_C,29,125.56,0,0,0
10/30/21,6,Hand Tools,SUP_C,31,116.38,0,0,0
10/31/21,6,Hand Tools,SUP_C,39,117.35,0,0,0
11/1/21,6,Hand Tools,SUP_C,49,92.82,1,0,0
11/2/21,6,Hand Tools,SUP_C,51,89.97,1,0,0
11/3/21,6,Hand Tools,SUP_C,44,96.97,1,0,0
11/4/21,6,Hand Tools,SUP_C,57,88.24,1,0,0
11/5/21,6,Hand Tools,SUP_C,42,92.05,1,0,0
11/6/21,6,Hand Tools,SUP_C,61,101.72,1,0,0
11/7/21,6,Hand Tools,SUP_C,61,109.09,1,0,0
11/8/21,6,Hand Tools,SUP_C,33,129.18,0,0,0
11/9/21,6,Hand Tools,SUP_C,24,127.39,0,0,0
11/10/21,6,Hand Tools,SUP_C,24,123.25,0,0,0
11/11/21,6,Hand Tools,SUP_C,29,132.77,0,0,0
11/12/21,6,Hand Tools,SUP_C,27,128.48,0,0,0
11/13/21,6,Hand Tools,SUP_C,23,126.01,0,0,0
11/14/21,6,Hand Tools,SUP_C,29,128.77,0,0,0
11/15/21,6,Hand Tools,SUP_C,26,126.02,0,0,0
11/16/21,6,Hand Tools,SUP_C,20,123.05,0,0,0
11/17/21,6,Hand Tools,SUP_C,35,131.87,0,0,0
11/18/21,6,Hand Tools,SUP_C,21,122.01,0,0,0
11/19/21,6,Hand Tools,SUP_C,15,132.16,0,0,0
11/20/21,6,Hand Tools,SUP_C,36,129.58,0,0,0
11/21/21,6,Hand Tools,SUP_C,37,129.86,0,0,0
11/22/21,6,Hand Tools,SUP_C,22,132.48,0,1,0
11/23/21,6,Hand Tools,SUP_C,32,125.69,0,1,0
11/24/21,6,Hand Tools,SUP_C,33,130.52,0,1,0
11/25/21,6,Hand Tools,SUP_C,25,124.46,0,1,0
11/26/21,6,Hand Tools,SUP_C,30,122.54,0,1,0
11/27/21,6,Hand Tools,SUP_C,30,122.81,0,1,0
11/28/21,6,Hand Tools,SUP_C,40,128.56,0,1,0
11/29/21,6,Hand Tools,SUP_C,17,131.42,0,1,0
11/30/21,6,Hand Tools,SUP_C,25,127.2,0,1,0
12/1/21,6,Hand Tools,SUP_C,24,129.32,0,0,1
12/2/21,6,Hand Tools,SUP_C,35,130.16,0,0,1
12/3/21,6,Hand Tools,SUP_C,14,126.98,0,0,1
12/4/21,6,Hand Tools,SUP_C,39,123.74,0,0,1
12/5/21,6,Hand Tools,SUP_C,38,129.59,0,0,1
12/6/21,6,Hand Tools,SUP_C,28,130.17,0,0,1
12/7/21,6,Hand Tools,SUP_C,37,127.64,0,0,1
12/8/21,6,Hand Tools,SUP_C,32,131.26,0,0,1
12/9/21,6,Hand Tools,SUP_C,15,126.07,0,0,1
12/10/21,6,Hand Tools,SUP_C,22,123.68,0,0,1
12/11/21,6,Hand Tools,SUP_C,39,122.55,0,0,1
12/12/21,6,Hand Tools,SUP_C,22,122.59,0,0,1
12/13/21,6,Hand Tools,SUP_C,31,132.75,0,0,1
12/14/21,6,Hand Tools,SUP_C,23,130.69,0,0,1
12/15/21,6,Hand Tools,SUP_C,21,126.67,0,0,1
12/16/21,6,Hand Tools,SUP_C,30,123.46,0,0,1
12/17/21,6,Hand Tools,SUP_C,23,122.04,0,0,1
12/18/21,6,Hand Tools,SUP_C,24,126.55,0,0,1
12/19/21,6,Hand Tools,SUP_C,26,131.09,0,0,1
12/20/21,6,Hand Tools,SUP_C,30,132.57,0,0,1
12/21/21,6,Hand Tools,SUP_C,17,127.07,0,0,1
12/22/21,6,Hand Tools,SUP_C,23,122.86,0,0,1
12/23/21,6,Hand Tools,SUP_C,30,123.68,0,0,1
12/24/21,6,Hand Tools,SUP_C,34,125.79,0,0,1
12/25/21,6,Hand Tools,SUP_C,25,132.02,0,0,0
12/26/21,6,Hand Tools,SUP_C,50,131.17,0,0,0
12/27/21,6,Hand Tools,SUP_C,22,131.35,0,0,0
12/28/21,6,Hand Tools,SUP_C,24,131.12,0,0,0
12/29/21,6,Hand Tools,SUP_C,28,121.55,0,0,0
12/30/21,6,Hand Tools,SUP_C,20,124.02,0,0,0
12/31/21,6,Hand Tools,SUP_C,26,121.74,0,0,0
1/1/22,6,Hand Tools,SUP_C,20,116.55,0,0,0
1/2/22,6,Hand Tools,SUP_C,20,122.4,0,0,0
1/3/22,6,Hand Tools,SUP_C,19,115.55,0,0,0
1/4/22,6,Hand Tools,SUP_C,11,124.99,0,0,0
1/5/22,6,Hand Tools,SUP_C,17,118.47,0,0,0
1/6/22,6,Hand Tools,SUP_C,14,123.35,0,0,0
1/7/22,6,Hand Tools,SUP_C,22,120.34,0,0,0
1/8/22,6,Hand Tools,SUP_C,22,116.89,0,0,0
1/9/22,6,Hand Tools,SUP_C,25,125.49,0,0,0
1/10/22,6,Hand Tools,SUP_C,20,118.91,0,0,0
1/11/22,6,Hand Tools,SUP_C,18,121.55,0,0,0
1/12/22,6,Hand Tools,SUP_C,19,120.8,0,0,0
1/13/22,6,Hand Tools,SUP_C,17,125,0,0,0
1/14/22,6,Hand Tools,SUP_C,12,121.52,0,0,0
1/15/22,6,Hand Tools,SUP_C,27,125.42,0,0,0
1/16/22,6,Hand Tools,SUP_C,25,115.28,0,0,0
1/17/22,6,Hand Tools,SUP_C,19,123.08,0,0,0
1/18/22,6,Hand Tools,SUP_C,24,119.91,0,0,0
1/19/22,6,Hand Tools,SUP_C,22,125.59,0,0,0
1/20/22,6,Hand Tools,SUP_C,17,126.11,0,0,0
1/21/22,6,Hand Tools,SUP_C,19,123.48,0,0,0
1/22/22,6,Hand Tools,SUP_C,16,115.44,0,0,0
1/23/22,6,Hand Tools,SUP_C,21,120.06,0,0,0
1/24/22,6,Hand Tools,SUP_C,35,91.09,1,0,0
1/25/22,6,Hand Tools,SUP_C,32,81.83,1,0,0
1/26/22,6,Hand Tools,SUP_C,38,89.5,1,0,0
1/27/22,6,Hand Tools,SUP_C,41,96.42,1,0,0
1/28/22,6,Hand Tools,SUP_C,46,91.65,1,0,0
1/29/22,6,Hand Tools,SUP_C,29,91.17,1,0,0
1/30/22,6,Hand Tools,SUP_C,49,104.88,1,0,0
1/31/22,6,Hand Tools,SUP_C,14,126.41,0,0,0
2/1/22,6,Hand Tools,SUP_C,19,126.1,0,0,0
2/2/22,6,Hand Tools,SUP_C,17,116.83,0,0,0
2/3/22,6,Hand Tools,SUP_C,10,122.15,0,0,0
2/4/22,6,Hand Tools,SUP_C,27,116.56,0,0,0
2/5/22,6,Hand Tools,SUP_C,28,120.63,0,0,0
2/6/22,6,Hand Tools,SUP_C,22,122.7,0,0,0
2/7/22,6,Hand Tools,SUP_C,28,117.02,0,0,0
2/8/22,6,Hand Tools,SUP_C,23,124.28,0,0,0
2/9/22,6,Hand Tools,SUP_C,23,115.24,0,0,0
2/10/22,6,Hand Tools,SUP_C,22,116.35,0,0,0
2/11/22,6,Hand Tools,SUP_C,17,125.83,0,0,0
2/12/22,6,Hand Tools,SUP_C,23,123.06,0,0,0
2/13/22,6,Hand Tools,SUP_C,26,115.79,0,0,0
2/14/22,6,Hand Tools,SUP_C,22,118.85,0,0,0
2/15/22,6,Hand Tools,SUP_C,17,116.47,0,0,0
2/16/22,6,Hand Tools,SUP_C,23,117.98,0,0,0
2/17/22,6,Hand Tools,SUP_C,20,119.54,0,0,0
2/18/22,6,Hand Tools,SUP_C,15,116.08,0,0,0
2/19/22,6,Hand Tools,SUP_C,31,120.89,0,0,0
2/20/22,6,Hand Tools,SUP_C,22,115.55,0,0,0
2/21/22,6,Hand Tools,SUP_C,24,117.35,0,0,0
2/22/22,6,Hand Tools,SUP_C,20,125.26,0,0,0
