Sales_History.csv
date,sku_id,category,supplier_id,units_sold,price,promo_flag,is_black_friday_week,is_christmas_peak
2/23/22,6,Hand Tools,SUP_C,19,117.43,0,0,0
2/24/22,6,Hand Tools,SUP_C,27,115.6,0,0,0
2/25/22,6,Hand Tools,SUP_C,24,118.89,0,0,0
2/26/22,6,Hand Tools,SUP_C,24,120.75,0,0,0
2/27/22,6,Hand Tools,SUP_C,16,123.86,0,0,0
2/28/22,6,Hand Tools,SUP_C,27,123.38,0,0,0
3/1/22,6,Hand Tools,SUP_C,18,119.48,0,0,0
3/2/22,6,Hand Tools,SUP_C,20,123.86,0,0,0
3/3/22,6,Hand Tools,SUP_C,21,121.94,0,0,0
3/4/22,6,Hand Tools,SUP_C,20,120.57,0,0,0
3/5/22,6,Hand Tools,SUP_C,31,120.86,0,0,0
3/6/22,6,Hand Tools,SUP_C,22,117.67,0,0,0
3/7/22,6,Hand Tools,SUP_C,28,114.92,0,0,0
3/8/22,6,Hand Tools,SUP_C,27,116.52,0,0,0
3/9/22,6,Hand Tools,SUP_C,23,115.92,0,0,0
3/10/22,6,Hand Tools,SUP_C,16,119.54,0,0,0
3/11/22,6,Hand Tools,SUP_C,20,121.69,0,0,0
3/12/22,6,Hand Tools,SUP_C,19,118.73,0,0,0
3/13/22,6,Hand Tools,SUP_C,32,118.1,0,0,0
3/14/22,6,Hand Tools,SUP_C,24,120.3,0,0,0
3/15/22,6,Hand Tools,SUP_C,28,121.13,0,0,0
3/16/22,6,Hand Tools,SUP_C,22,125.17,0,0,0
3/17/22,6,Hand Tools,SUP_C,21,125.43,0,0,0
3/18/22,6,Hand Tools,SUP_C,20,124.94,0,0,0
3/19/22,6,Hand Tools,SUP_C,31,115.94,0,0,0
3/20/22,6,Hand Tools,SUP_C,18,121.09,0,0,0
3/21/22,6,Hand Tools,SUP_C,21,124.91,0,0,0
3/22/22,6,Hand Tools,SUP_C,19,116.87,0,0,0
3/23/22,6,Hand Tools,SUP_C,13,123.93,0,0,0
3/24/22,6,Hand Tools,SUP_C,20,124.33,0,0,0
3/25/22,6,Hand Tools,SUP_C,22,121.64,0,0,0
3/26/22,6,Hand Tools,SUP_C,26,120.67,0,0,0
3/27/22,6,Hand Tools,SUP_C,18,116.66,0,0,0
3/28/22,6,Hand Tools,SUP_C,25,102.75,1,0,0
3/29/22,6,Hand Tools,SUP_C,47,95.03,1,0,0
3/30/22,6,Hand Tools,SUP_C,40,93.06,1,0,0
3/31/22,6,Hand Tools,SUP_C,32,107.95,1,0,0
4/1/22,6,Hand Tools,SUP_C,35,98.14,1,0,0
4/2/22,6,Hand Tools,SUP_C,45,85.76,1,0,0
4/3/22,6,Hand Tools,SUP_C,41,90.93,1,0,0
4/4/22,6,Hand Tools,SUP_C,25,121.63,0,0,0
4/5/22,6,Hand Tools,SUP_C,17,115.87,0,0,0
4/6/22,6,Hand Tools,SUP_C,18,124.57,0,0,0
4/7/22,6,Hand Tools,SUP_C,25,123.72,0,0,0
4/8/22,6,Hand Tools,SUP_C,15,116.21,0,0,0
4/9/22,6,Hand Tools,SUP_C,28,123.88,0,0,0
4/10/22,6,Hand Tools,SUP_C,36,120.77,0,0,0
4/11/22,6,Hand Tools,SUP_C,27,119.33,0,0,0
4/12/22,6,Hand Tools,SUP_C,19,124.49,0,0,0
4/13/22,6,Hand Tools,SUP_C,18,115.23,0,0,0
4/14/22,6,Hand Tools,SUP_C,21,126.28,0,0,0
4/15/22,6,Hand Tools,SUP_C,17,120.12,0,0,0
4/16/22,6,Hand Tools,SUP_C,28,121,0,0,0
4/17/22,6,Hand Tools,SUP_C,28,117.95,0,0,0
4/18/22,6,Hand Tools,SUP_C,17,122.06,0,0,0
4/19/22,6,Hand Tools,SUP_C,21,126.51,0,0,0
4/20/22,6,Hand Tools,SUP_C,17,123.57,0,0,0
4/21/22,6,Hand Tools,SUP_C,19,124.5,0,0,0
4/22/22,6,Hand Tools,SUP_C,11,118.38,0,0,0
4/23/22,6,Hand Tools,SUP_C,19,123.92,0,0,0
4/24/22,6,Hand Tools,SUP_C,20,122.24,0,0,0
4/25/22,6,Hand Tools,SUP_C,21,119.71,0,0,0
4/26/22,6,Hand Tools,SUP_C,25,116.43,0,0,0
4/27/22,6,Hand Tools,SUP_C,22,121.14,0,0,0
4/28/22,6,Hand Tools,SUP_C,16,119.63,0,0,0
4/29/22,6,Hand Tools,SUP_C,25,120.95,0,0,0
4/30/22,6,Hand Tools,SUP_C,26,126.27,0,0,0
5/1/22,6,Hand Tools,SUP_C,27,116.24,0,0,0
5/2/22,6,Hand Tools,SUP_C,19,115.23,0,0,0
5/3/22,6,Hand Tools,SUP_C,15,122.68,0,0,0
5/4/22,6,Hand Tools,SUP_C,11,125.17,0,0,0
5/5/22,6,Hand Tools,SUP_C,19,120.62,0,0,0
5/6/22,6,Hand Tools,SUP_C,20,117.57,0,0,0
5/7/22,6,Hand Tools,SUP_C,17,114.98,0,0,0
5/8/22,6,Hand Tools,SUP_C,14,119.02,0,0,0
5/9/22,6,Hand Tools,SUP_C,17,125.16,0,0,0
5/10/22,6,Hand Tools,SUP_C,24,115.68,0,0,0
5/11/22,6,Hand Tools,SUP_C,26,125.69,0,0,0
5/12/22,6,Hand Tools,SUP_C,25,118.25,0,0,0
5/13/22,6,Hand Tools,SUP_C,22,116.94,0,0,0
5/14/22,6,Hand Tools,SUP_C,18,121.86,0,0,0
5/15/22,6,Hand Tools,SUP_C,13,125.21,0,0,0
5/16/22,6,Hand Tools,SUP_C,35,84.51,1,0,0
5/17/22,6,Hand Tools,SUP_C,40,105.31,1,0,0
5/18/22,6,Hand Tools,SUP_C,28,101.41,1,0,0
5/19/22,6,Hand Tools,SUP_C,36,103.57,1,0,0
5/20/22,6,Hand Tools,SUP_C,30,104.75,1,0,0
5/21/22,6,Hand Tools,SUP_C,45,94.01,1,0,0
5/22/22,6,Hand Tools,SUP_C,49,93.99,1,0,0
5/23/22,6,Hand Tools,SUP_C,34,102.28,1,0,0
5/24/22,6,Hand Tools,SUP_C,43,97.26,1,0,0
5/25/22,6,Hand Tools,SUP_C,39,98.27,1,0,0
5/26/22,6,Hand Tools,SUP_C,38,90.8,1,0,0
5/27/22,6,Hand Tools,SUP_C,45,93.82,1,0,0
5/28/22,6,Hand Tools,SUP_C,52,95.77,1,0,0
5/29/22,6,Hand Tools,SUP_C,52,100.44,1,0,0
5/30/22,6,Hand Tools,SUP_C,29,86.99,1,0,0
5/31/22,6,Hand Tools,SUP_C,35,106.88,1,0,0
6/1/22,6,Hand Tools,SUP_C,28,91.63,1,0,0
6/2/22,6,Hand Tools,SUP_C,26,92.53,1,0,0
6/3/22,6,Hand Tools,SUP_C,31,87.6,1,0,0
6/4/22,6,Hand Tools,SUP_C,32,96.15,1,0,0
6/5/22,6,Hand Tools,SUP_C,43,91.34,1,0,0
6/6/22,6,Hand Tools,SUP_C,17,124.15,0,0,0
6/7/22,6,Hand Tools,SUP_C,15,116.32,0,0,0
6/8/22,6,Hand Tools,SUP_C,11,119.09,0,0,0
6/9/22,6,Hand Tools,SUP_C,12,122.21,0,0,0
6/10/22,6,Hand Tools,SUP_C,12,115.27,0,0,0
6/11/22,6,Hand Tools,SUP_C,22,117.65,0,0,0
6/12/22,6,Hand Tools,SUP_C,22,116.93,0,0,0
6/13/22,6,Hand Tools,SUP_C,14,121.03,0,0,0
6/14/22,6,Hand Tools,SUP_C,13,115.32,0,0,0
6/15/22,6,Hand Tools,SUP_C,16,123.33,0,0,0
6/16/22,6,Hand Tools,SUP_C,18,118.82,0,0,0
6/17/22,6,Hand Tools,SUP_C,17,121.43,0,0,0
6/18/22,6,Hand Tools,SUP_C,15,122.47,0,0,0
6/19/22,6,Hand Tools,SUP_C,15,120.89,0,0,0
6/20/22,6,Hand Tools,SUP_C,20,125.77,0,0,0
6/21/22,6,Hand Tools,SUP_C,14,125.68,0,0,0
6/22/22,6,Hand Tools,SUP_C,14,117.02,0,0,0
6/23/22,6,Hand Tools,SUP_C,11,124.25,0,0,0
6/24/22,6,Hand Tools,SUP_C,16,126.47,0,0,0
6/25/22,6,Hand Tools,SUP_C,14,123.72,0,0,0
6/26/22,6,Hand Tools,SUP_C,28,119.72,0,0,0
6/27/22,6,Hand Tools,SUP_C,12,115.27,0,0,0
6/28/22,6,Hand Tools,SUP_C,15,125.95,0,0,0
6/29/22,6,Hand Tools,SUP_C,15,119.22,0,0,0
6/30/22,6,Hand Tools,SUP_C,16,124.3,0,0,0
7/1/22,6,Hand Tools,SUP_C,21,126.6,0,0,0
7/2/22,6,Hand Tools,SUP_C,26,118.43,0,0,0
7/3/22,6,Hand Tools,SUP_C,23,116.82,0,0,0
7/4/22,6,Hand Tools,SUP_C,14,124.67,0,0,0
7/5/22,6,Hand Tools,SUP_C,21,121.75,0,0,0
7/6/22,6,Hand Tools,SUP_C,13,117.77,0,0,0
7/7/22,6,Hand Tools,SUP_C,18,123.5,0,0,0
7/8/22,6,Hand Tools,SUP_C,11,119.7,0,0,0
7/9/22,6,Hand Tools,SUP_C,26,124.45,0,0,0
7/10/22,6,Hand Tools,SUP_C,21,115.08,0,0,0
7/11/22,6,Hand Tools,SUP_C,15,116.74,0,0,0
7/12/22,6,Hand Tools,SUP_C,13,120.14,0,0,0
7/13/22,6,Hand Tools,SUP_C,9,123.3,0,0,0
7/14/22,6,Hand Tools,SUP_C,14,120.07,0,0,0
7/15/22,6,Hand Tools,SUP_C,20,117.34,0,0,0
7/16/22,6,Hand Tools,SUP_C,19,126.86,0,0,0
7/17/22,6,Hand Tools,SUP_C,14,115.28,0,0,0
7/18/22,6,Hand Tools,SUP_C,17,126.59,0,0,0
7/19/22,6,Hand Tools,SUP_C,19,118.65,0,0,0
7/20/22,6,Hand Tools,SUP_C,17,125.49,0,0,0
7/21/22,6,Hand Tools,SUP_C,11,120.91,0,0,0
7/22/22,6,Hand Tools,SUP_C,23,121.72,0,0,0
7/23/22,6,Hand Tools,SUP_C,21,120.27,0,0,0
7/24/22,6,Hand Tools,SUP_C,17,121.69,0,0,0
7/25/22,6,Hand Tools,SUP_C,15,120.87,0,0,0
7/26/22,6,Hand Tools,SUP_C,14,122.23,0,0,0
7/27/22,6,Hand Tools,SUP_C,16,125.66,0,0,0
7/28/22,6,Hand Tools,SUP_C,18,115.68,0,0,0
7/29/22,6,Hand Tools,SUP_C,14,125.06,0,0,0
7/30/22,6,Hand Tools,SUP_C,27,123.46,0,0,0
7/31/22,6,Hand Tools,SUP_C,25,115.22,0,0,0
8/1/22,6,Hand Tools,SUP_C,15,120.19,0,0,0
8/2/22,6,Hand Tools,SUP_C,10,118.98,0,0,0
8/3/22,6,Hand Tools,SUP_C,21,114.97,0,0,0
8/4/22,6,Hand Tools,SUP_C,16,122.92,0,0,0
8/5/22,6,Hand Tools,SUP_C,12,119.42,0,0,0
8/6/22,6,Hand Tools,SUP_C,23,118.82,0,0,0
8/7/22,6,Hand Tools,SUP_C,25,122.03,0,0,0
8/8/22,6,Hand Tools,SUP_C,24,124.19,0,0,0
8/9/22,6,Hand Tools,SUP_C,12,124.78,0,0,0
8/10/22,6,Hand Tools,SUP_C,19,122.24,0,0,0
8/11/22,6,Hand Tools,SUP_C,18,122.1,0,0,0
8/12/22,6,Hand Tools,SUP_C,19,124.03,0,0,0
8/13/22,6,Hand Tools,SUP_C,17,119.91,0,0,0
8/14/22,6,Hand Tools,SUP_C,22,117.21,0,0,0
8/15/22,6,Hand Tools,SUP_C,21,119.09,0,0,0
8/16/22,6,Hand Tools,SUP_C,17,126.62,0,0,0
8/17/22,6,Hand Tools,SUP_C,19,124.05,0,0,0
8/18/22,6,Hand Tools,SUP_C,15,116.32,0,0,0
8/19/22,6,Hand Tools,SUP_C,15,123.19,0,0,0
8/20/22,6,Hand Tools,SUP_C,18,117.77,0,0,0
8/21/22,6,Hand Tools,SUP_C,19,119.46,0,0,0
8/22/22,6,Hand Tools,SUP_C,16,123.02,0,0,0
8/23/22,6,Hand Tools,SUP_C,19,118.43,0,0,0
8/24/22,6,Hand Tools,SUP_C,16,120.6,0,0,0
8/25/22,6,Hand Tools,SUP_C,15,116.74,0,0,0
8/26/22,6,Hand Tools,SUP_C,15,123.11,0,0,0
8/27/22,6,Hand Tools,SUP_C,16,117.98,0,0,0
8/28/22,6,Hand Tools,SUP_C,13,118.35,0,0,0
8/29/22,6,Hand Tools,SUP_C,15,118.57,0,0,0
8/30/22,6,Hand Tools,SUP_C,16,120.75,0,0,0
8/31/22,6,Hand Tools,SUP_C,14,121.27,0,0,0
9/1/22,6,Hand Tools,SUP_C,28,125.31,0,0,0
9/2/22,6,Hand Tools,SUP_C,12,118.8,0,0,0
9/3/22,6,Hand Tools,SUP_C,29,120,0,0,0
9/4/22,6,Hand Tools,SUP_C,22,119.49,0,0,0
9/5/22,6,Hand Tools,SUP_C,24,118.96,0,0,0
9/6/22,6,Hand Tools,SUP_C,22,125.26,0,0,0
9/7/22,6,Hand Tools,SUP_C,11,122.76,0,0,0
9/8/22,6,Hand Tools,SUP_C,19,115.3,0,0,0
9/9/22,6,Hand Tools,SUP_C,19,120.26,0,0,0
9/10/22,6,Hand Tools,SUP_C,32,120.62,0,0,0
9/11/22,6,Hand Tools,SUP_C,12,115.19,0,0,0
9/12/22,6,Hand Tools,SUP_C,46,109.7,1,0,0
9/13/22,6,Hand Tools,SUP_C,37,90.49,1,0,0
9/14/22,6,Hand Tools,SUP_C,38,96.32,1,0,0
9/15/22,6,Hand Tools,SUP_C,40,104.32,1,0,0
9/16/22,6,Hand Tools,SUP_C,34,96.74,1,0,0
9/17/22,6,Hand Tools,SUP_C,33,102.3,1,0,0
9/18/22,6,Hand Tools,SUP_C,35,105.3,1,0,0
9/19/22,6,Hand Tools,SUP_C,23,118.4,0,0,0
9/20/22,6,Hand Tools,SUP_C,20,120.58,0,0,0
9/21/22,6,Hand Tools,SUP_C,20,119.5,0,0,0
9/22/22,6,Hand Tools,SUP_C,20,117.24,0,0,0
9/23/22,6,Hand Tools,SUP_C,21,119.39,0,0,0
9/24/22,6,Hand Tools,SUP_C,33,121.53,0,0,0
9/25/22,6,Hand Tools,SUP_C,23,116.85,0,0,0
9/26/22,6,Hand Tools,SUP_C,19,118.43,0,0,0
9/27/22,6,Hand Tools,SUP_C,17,123.86,0,0,0
9/28/22,6,Hand Tools,SUP_C,16,126.05,0,0,0
9/29/22,6,Hand Tools,SUP_C,18,124.24,0,0,0
9/30/22,6,Hand Tools,SUP_C,17,122.72,0,0,0
10/1/22,6,Hand Tools,SUP_C,28,119.8,0,0,0
10/2/22,6,Hand Tools,SUP_C,34,123.31,0,0,0
10/3/22,6,Hand Tools,SUP_C,29,120.26,0,0,0
10/4/22,6,Hand Tools,SUP_C,34,126.8,0,0,0
10/5/22,6,Hand Tools,SUP_C,22,121.02,0,0,0
10/6/22,6,Hand Tools,SUP_C,25,118.74,0,0,0
10/7/22,6,Hand Tools,SUP_C,38,124.72,0,0,0
10/8/22,6,Hand Tools,SUP_C,30,126.63,0,0,0
10/9/22,6,Hand Tools,SUP_C,34,122.18,0,0,0
10/10/22,6,Hand Tools,SUP_C,34,117.29,0,0,0
10/11/22,6,Hand Tools,SUP_C,22,124.69,0,0,0
10/12/22,6,Hand Tools,SUP_C,21,121.47,0,0,0
10/13/22,6,Hand Tools,SUP_C,27,125.96,0,0,0
10/14/22,6,Hand Tools,SUP_C,21,120.37,0,0,0
10/15/22,6,Hand Tools,SUP_C,41,120.16,0,0,0
10/16/22,6,Hand Tools,SUP_C,41,123,0,0,0
10/17/22,6,Hand Tools,SUP_C,56,89.63,1,0,0
10/18/22,6,Hand Tools,SUP_C,54,88.37,1,0,0
10/19/22,6,Hand Tools,SUP_C,54,95.03,1,0,0
10/20/22,6,Hand Tools,SUP_C,42,104.23,1,0,0
10/21/22,6,Hand Tools,SUP_C,60,84.37,1,0,0
10/22/22,6,Hand Tools,SUP_C,47,91.71,1,0,0
10/23/22,6,Hand Tools,SUP_C,52,88.41,1,0,0
10/24/22,6,Hand Tools,SUP_C,29,120.93,0,0,0
10/25/22,6,Hand Tools,SUP_C,35,122.26,0,0,0
10/26/22,6,Hand Tools,SUP_C,36,120.31,0,0,0
10/27/22,6,Hand Tools,SUP_C,26,124.96,0,0,0
10/28/22,6,Hand Tools,SUP_C,28,123.58,0,0,0
10/29/22,6,Hand Tools,SUP_C,29,122.76,0,0,0
10/30/22,6,Hand Tools,SUP_C,31,121.29,0,0,0
10/31/22,6,Hand Tools,SUP_C,29,118.38,0,0,0
11/1/22,6,Hand Tools,SUP_C,26,130.56,0,0,0
11/2/22,6,Hand Tools,SUP_C,25,125.68,0,0,0
11/3/22,6,Hand Tools,SUP_C,27,128.19,0,0,0
11/4/22,6,Hand Tools,SUP_C,27,121.85,0,0,0
11/5/22,6,Hand Tools,SUP_C,35,130.31,0,0,0
11/6/22,6,Hand Tools,SUP_C,27,123.88,0,0,0
11/7/22,6,Hand Tools,SUP_C,22,127.51,0,0,0
11/8/22,6,Hand Tools,SUP_C,27,122.86,0,0,0
11/9/22,6,Hand Tools,SUP_C,20,127.44,0,0,0
11/10/22,6,Hand Tools,SUP_C,28,128.26,0,0,0
11/11/22,6,Hand Tools,SUP_C,28,121.72,0,0,0
11/12/22,6,Hand Tools,SUP_C,28,128.62,0,0,0
11/13/22,6,Hand Tools,SUP_C,32,125.21,0,0,0
11/14/22,6,Hand Tools,SUP_C,28,131.17,0,0,0
11/15/22,6,Hand Tools,SUP_C,29,128.51,0,0,0
11/16/22,6,Hand Tools,SUP_C,23,126.11,0,0,0
11/17/22,6,Hand Tools,SUP_C,25,126.84,0,0,0
11/18/22,6,Hand Tools,SUP_C,26,127.08,0,0,0
11/19/22,6,Hand Tools,SUP_C,24,127.22,0,0,0
11/20/22,6,Hand Tools,SUP_C,26,130.77,0,0,0
11/21/22,6,Hand Tools,SUP_C,27,132.46,0,1,0
11/22/22,6,Hand Tools,SUP_C,26,124.28,0,1,0
11/23/22,6,Hand Tools,SUP_C,27,131.38,0,1,0
11/24/22,6,Hand Tools,SUP_C,26,123.28,0,1,0
11/25/22,6,Hand Tools,SUP_C,29,124.93,0,1,0
11/26/22,6,Hand Tools,SUP_C,23,126.23,0,1,0
11/27/22,6,Hand Tools,SUP_C,37,125.11,0,1,0
11/28/22,6,Hand Tools,SUP_C,43,106.23,1,1,0
11/29/22,6,Hand Tools,SUP_C,41,92.67,1,1,0
11/30/22,6,Hand Tools,SUP_C,61,105.26,1,0,0
12/1/22,6,Hand Tools,SUP_C,41,110.82,1,0,1
12/2/22,6,Hand Tools,SUP_C,47,93.37,1,0,1
12/3/22,6,Hand Tools,SUP_C,63,103.25,1,0,1
12/4/22,6,Hand Tools,SUP_C,45,104,1,0,1
12/5/22,6,Hand Tools,SUP_C,20,122.54,0,0,1
12/6/22,6,Hand Tools,SUP_C,28,128.85,0,0,1
12/7/22,6,Hand Tools,SUP_C,21,121.76,0,0,1
12/8/22,6,Hand Tools,SUP_C,30,128.08,0,0,1
12/9/22,6,Hand Tools,SUP_C,33,129.3,0,0,1
12/10/22,6,Hand Tools,SUP_C,31,122.25,0,0,1
12/11/22,6,Hand Tools,SUP_C,39,129.74,0,0,1
12/12/22,6,Hand Tools,SUP_C,25,126.04,0,0,1
12/13/22,6,Hand Tools,SUP_C,28,122.56,0,0,1
12/14/22,6,Hand Tools,SUP_C,29,127.45,0,0,1
12/15/22,6,Hand Tools,SUP_C,37,127.36,0,0,1
12/16/22,6,Hand Tools,SUP_C,36,125.18,0,0,1
12/17/22,6,Hand Tools,SUP_C,27,124.76,0,0,1
12/18/22,6,Hand Tools,SUP_C,28,128.24,0,0,1
12/19/22,6,Hand Tools,SUP_C,23,132.24,0,0,1
12/20/22,6,Hand Tools,SUP_C,27,123.95,0,0,1
12/21/22,6,Hand Tools,SUP_C,27,124.42,0,0,1
12/22/22,6,Hand Tools,SUP_C,26,125.7,0,0,1
12/23/22,6,Hand Tools,SUP_C,22,121.99,0,0,1
12/24/22,6,Hand Tools,SUP_C,33,121.65,0,0,1
12/25/22,6,Hand Tools,SUP_C,30,120.92,0,0,0
12/26/22,6,Hand Tools,SUP_C,28,125.23,0,0,0
12/27/22,6,Hand Tools,SUP_C,38,131.88,0,0,0
12/28/22,6,Hand Tools,SUP_C,22,124.38,0,0,0
12/29/22,6,Hand Tools,SUP_C,27,132.72,0,0,0
12/30/22,6,Hand Tools,SUP_C,34,130.04,0,0,0
12/31/22,6,Hand Tools,SUP_C,33,122.74,0,0,0
1/1/23,6,Hand Tools,SUP_C,21,123.6,0,0,0
1/2/23,6,Hand Tools,SUP_C,18,123.18,0,0,0
1/3/23,6,Hand Tools,SUP_C,24,119.39,0,0,0
1/4/23,6,Hand Tools,SUP_C,25,120.77,0,0,0
1/5/23,6,Hand Tools,SUP_C,14,121.53,0,0,0
1/6/23,6,Hand Tools,SUP_C,12,123.95,0,0,0
1/7/23,6,Hand Tools,SUP_C,27,118.48,0,0,0
1/8/23,6,Hand Tools,SUP_C,33,126.71,0,0,0
1/9/23,6,Hand Tools,SUP_C,14,117.45,0,0,0
1/10/23,6,Hand Tools,SUP_C,23,121,0,0,0
1/11/23,6,Hand Tools,SUP_C,16,117.59,0,0,0
1/12/23,6,Hand Tools,SUP_C,22,118.98,0,0,0
1/13/23,6,Hand Tools,SUP_C,21,119.04,0,0,0
1/14/23,6,Hand Tools,SUP_C,26,123.44,0,0,0
1/15/23,6,Hand Tools,SUP_C,19,123.67,0,0,0
1/16/23,6,Hand Tools,SUP_C,20,124.98,0,0,0
1/17/23,6,Hand Tools,SUP_C,28,115.09,0,0,0
1/18/23,6,Hand Tools,SUP_C,18,119.82,0,0,0
1/19/23,6,Hand Tools,SUP_C,16,124.04,0,0,0
1/20/23,6,Hand Tools,SUP_C,23,115.02,0,0,0
1/21/23,6,Hand Tools,SUP_C,21,120.54,0,0,0
1/22/23,6,Hand Tools,SUP_C,30,126.73,0,0,0
1/23/23,6,Hand Tools,SUP_C,48,84.16,1,0,0
1/24/23,6,Hand Tools,SUP_C,41,106.89,1,0,0
1/25/23,6,Hand Tools,SUP_C,38,82.95,1,0,0
1/26/23,6,Hand Tools,SUP_C,39,82.94,1,0,0
1/27/23,6,Hand Tools,SUP_C,42,98.58,1,0,0
1/28/23,6,Hand Tools,SUP_C,42,90.25,1,0,0
1/29/23,6,Hand Tools,SUP_C,41,87.84,1,0,0
1/30/23,6,Hand Tools,SUP_C,20,122.13,0,0,0
1/31/23,6,Hand Tools,SUP_C,22,126.88,0,0,0
2/1/23,6,Hand Tools,SUP_C,23,121.35,0,0,0
2/2/23,6,Hand Tools,SUP_C,25,119.18,0,0,0
2/3/23,6,Hand Tools,SUP_C,17,124.22,0,0,0
2/4/23,6,Hand Tools,SUP_C,18,125.29,0,0,0
2/5/23,6,Hand Tools,SUP_C,23,116.04,0,0,0
2/6/23,6,Hand Tools,SUP_C,36,83.78,1,0,0
2/7/23,6,Hand Tools,SUP_C,45,83.56,1,0,0
2/8/23,6,Hand Tools,SUP_C,39,84.36,1,0,0
2/9/23,6,Hand Tools,SUP_C,37,97.81,1,0,0
2/10/23,6,Hand Tools,SUP_C,33,82.26,1,0,0
2/11/23,6,Hand Tools,SUP_C,37,93.71,1,0,0
2/12/23,6,Hand Tools,SUP_C,38,87.94,1,0,0
2/13/23,6,Hand Tools,SUP_C,21,117.03,0,0,0
2/14/23,6,Hand Tools,SUP_C,31,122.79,0,0,0
2/15/23,6,Hand Tools,SUP_C,12,119.06,0,0,0
2/16/23,6,Hand Tools,SUP_C,29,115.41,0,0,0
2/17/23,6,Hand Tools,SUP_C,26,126.94,0,0,0
2/18/23,6,Hand Tools,SUP_C,22,114.93,0,0,0
2/19/23,6,Hand Tools,SUP_C,32,125.44,0,0,0
2/20/23,6,Hand Tools,SUP_C,13,120.82,0,0,0
2/21/23,6,Hand Tools,SUP_C,24,120.39,0,0,0
2/22/23,6,Hand Tools,SUP_C,18,116.86,0,0,0
2/23/23,6,Hand Tools,SUP_C,15,124.75,0,0,0
2/24/23,6,Hand Tools,SUP_C,12,125.61,0,0,0
2/25/23,6,Hand Tools,SUP_C,23,115.11,0,0,0
2/26/23,6,Hand Tools,SUP_C,27,118.18,0,0,0
2/27/23,6,Hand Tools,SUP_C,21,117.97,0,0,0
2/28/23,6,Hand Tools,SUP_C,18,117.37,0,0,0
3/1/23,6,Hand Tools,SUP_C,18,124.13,0,0,0
3/2/23,6,Hand Tools,SUP_C,18,123.39,0,0,0
3/3/23,6,Hand Tools,SUP_C,13,115.63,0,0,0
3/4/23,6,Hand Tools,SUP_C,22,118.37,0,0,0
3/5/23,6,Hand Tools,SUP_C,29,121.69,0,0,0
3/6/23,6,Hand Tools,SUP_C,14,126.94,0,0,0
3/7/23,6,Hand Tools,SUP_C,23,126.35,0,0,0
3/8/23,6,Hand Tools,SUP_C,37,124.43,0,0,0
3/9/23,6,Hand Tools,SUP_C,17,122.55,0,0,0
3/10/23,6,Hand Tools,SUP_C,22,115.51,0,0,0
3/11/23,6,Hand Tools,SUP_C,27,118.36,0,0,0
3/12/23,6,Hand Tools,SUP_C,19,121.87,0,0,0
3/13/23,6,Hand Tools,SUP_C,12,115.99,0,0,0
3/14/23,6,Hand Tools,SUP_C,12,118.06,0,0,0
3/15/23,6,Hand Tools,SUP_C,20,122.3,0,0,0
3/16/23,6,Hand Tools,SUP_C,15,118.85,0,0,0
3/17/23,6,Hand Tools,SUP_C,23,121.33,0,0,0
3/18/23,6,Hand Tools,SUP_C,27,118.12,0,0,0
3/19/23,6,Hand Tools,SUP_C,26,123.64,0,0,0
3/20/23,6,Hand Tools,SUP_C,16,119.72,0,0,0
3/21/23,6,Hand Tools,SUP_C,24,119.46,0,0,0
3/22/23,6,Hand Tools,SUP_C,17,123.85,0,0,0
3/23/23,6,Hand Tools,SUP_C,24,126.8,0,0,0
3/24/23,6,Hand Tools,SUP_C,27,123.46,0,0,0
3/25/23,6,Hand Tools,SUP_C,25,118.35,0,0,0
3/26/23,6,Hand Tools,SUP_C,34,118.68,0,0,0
3/27/23,6,Hand Tools,SUP_C,17,116.65,0,0,0
3/28/23,6,Hand Tools,SUP_C,23,126.77,0,0,0
3/29/23,6,Hand Tools,SUP_C,32,115,0,0,0
3/30/23,6,Hand Tools,SUP_C,24,123.89,0,0,0
3/31/23,6,Hand Tools,SUP_C,23,120.19,0,0,0
4/1/23,6,Hand Tools,SUP_C,24,125.42,0,0,0
4/2/23,6,Hand Tools,SUP_C,25,124.27,0,0,0
4/3/23,6,Hand Tools,SUP_C,24,121.22,0,0,0
4/4/23,6,Hand Tools,SUP_C,18,126.69,0,0,0
4/5/23,6,Hand Tools,SUP_C,27,121.31,0,0,0
4/6/23,6,Hand Tools,SUP_C,22,124.43,0,0,0
4/7/23,6,Hand Tools,SUP_C,17,119.07,0,0,0
4/8/23,6,Hand Tools,SUP_C,34,116.79,0,0,0
4/9/23,6,Hand Tools,SUP_C,30,126.61,0,0,0
4/10/23,6,Hand Tools,SUP_C,16,122.26,0,0,0
4/11/23,6,Hand Tools,SUP_C,18,123.61,0,0,0
4/12/23,6,Hand Tools,SUP_C,21,118.89,0,0,0
4/13/23,6,Hand Tools,SUP_C,23,123.98,0,0,0
4/14/23,6,Hand Tools,SUP_C,26,126.82,0,0,0
4/15/23,6,Hand Tools,SUP_C,21,115.47,0,0,0
4/16/23,6,Hand Tools,SUP_C,24,116.88,0,0,0
