Sales_History.csv
date,sku_id,category,supplier_id,units_sold,price,promo_flag,is_black_friday_week,is_christmas_peak
4/17/23,6,Hand Tools,SUP_C,15,126.41,0,0,0
4/18/23,6,Hand Tools,SUP_C,16,123.95,0,0,0
4/19/23,6,Hand Tools,SUP_C,13,119.39,0,0,0
4/20/23,6,Hand Tools,SUP_C,17,120.63,0,0,0
4/21/23,6,Hand Tools,SUP_C,19,126.85,0,0,0
4/22/23,6,Hand Tools,SUP_C,27,125.27,0,0,0
4/23/23,6,Hand Tools,SUP_C,33,123.42,0,0,0
4/24/23,6,Hand Tools,SUP_C,24,121.37,0,0,0
4/25/23,6,Hand Tools,SUP_C,26,117.99,0,0,0
4/26/23,6,Hand Tools,SUP_C,23,125.41,0,0,0
4/27/23,6,Hand Tools,SUP_C,20,125.94,0,0,0
4/28/23,6,Hand Tools,SUP_C,21,126.86,0,0,0
4/29/23,6,Hand Tools,SUP_C,28,123.32,0,0,0
4/30/23,6,Hand Tools,SUP_C,16,120.02,0,0,0
5/1/23,6,Hand Tools,SUP_C,19,120.65,0,0,0
5/2/23,6,Hand Tools,SUP_C,16,123.45,0,0,0
5/3/23,6,Hand Tools,SUP_C,16,122.52,0,0,0
5/4/23,6,Hand Tools,SUP_C,20,122.99,0,0,0
5/5/23,6,Hand Tools,SUP_C,23,124.73,0,0,0
5/6/23,6,Hand Tools,SUP_C,22,124.52,0,0,0
5/7/23,6,Hand Tools,SUP_C,19,115.08,0,0,0
5/8/23,6,Hand Tools,SUP_C,32,91.67,1,0,0
5/9/23,6,Hand Tools,SUP_C,38,97.05,1,0,0
5/10/23,6,Hand Tools,SUP_C,35,94.27,1,0,0
5/11/23,6,Hand Tools,SUP_C,36,93.79,1,0,0
5/12/23,6,Hand Tools,SUP_C,45,90.7,1,0,0
5/13/23,6,Hand Tools,SUP_C,48,102.43,1,0,0
5/14/23,6,Hand Tools,SUP_C,48,105.3,1,0,0
5/15/23,6,Hand Tools,SUP_C,16,124.81,0,0,0
5/16/23,6,Hand Tools,SUP_C,22,122.28,0,0,0
5/17/23,6,Hand Tools,SUP_C,21,119.65,0,0,0
5/18/23,6,Hand Tools,SUP_C,28,118.26,0,0,0
5/19/23,6,Hand Tools,SUP_C,20,120.13,0,0,0
5/20/23,6,Hand Tools,SUP_C,20,121.61,0,0,0
5/21/23,6,Hand Tools,SUP_C,29,122.52,0,0,0
5/22/23,6,Hand Tools,SUP_C,23,118.36,0,0,0
5/23/23,6,Hand Tools,SUP_C,24,118.75,0,0,0
5/24/23,6,Hand Tools,SUP_C,22,121.27,0,0,0
5/25/23,6,Hand Tools,SUP_C,23,118.43,0,0,0
5/26/23,6,Hand Tools,SUP_C,25,126.23,0,0,0
5/27/23,6,Hand Tools,SUP_C,20,123.61,0,0,0
5/28/23,6,Hand Tools,SUP_C,22,123.52,0,0,0
5/29/23,6,Hand Tools,SUP_C,17,116.49,0,0,0
5/30/23,6,Hand Tools,SUP_C,17,117.58,0,0,0
5/31/23,6,Hand Tools,SUP_C,17,117.93,0,0,0
6/1/23,6,Hand Tools,SUP_C,19,121.06,0,0,0
6/2/23,6,Hand Tools,SUP_C,16,123.55,0,0,0
6/3/23,6,Hand Tools,SUP_C,21,124.09,0,0,0
6/4/23,6,Hand Tools,SUP_C,16,116.57,0,0,0
6/5/23,6,Hand Tools,SUP_C,20,118.27,0,0,0
6/6/23,6,Hand Tools,SUP_C,15,125.31,0,0,0
6/7/23,6,Hand Tools,SUP_C,18,119.89,0,0,0
6/8/23,6,Hand Tools,SUP_C,18,116.19,0,0,0
6/9/23,6,Hand Tools,SUP_C,19,126.61,0,0,0
6/10/23,6,Hand Tools,SUP_C,12,126.52,0,0,0
6/11/23,6,Hand Tools,SUP_C,20,121.92,0,0,0
6/12/23,6,Hand Tools,SUP_C,30,100.7,1,0,0
6/13/23,6,Hand Tools,SUP_C,33,107.61,1,0,0
6/14/23,6,Hand Tools,SUP_C,23,106.69,1,0,0
6/15/23,6,Hand Tools,SUP_C,37,103.79,1,0,0
6/16/23,6,Hand Tools,SUP_C,41,91.32,1,0,0
6/17/23,6,Hand Tools,SUP_C,38,90.21,1,0,0
6/18/23,6,Hand Tools,SUP_C,37,99.45,1,0,0
6/19/23,6,Hand Tools,SUP_C,16,122.77,0,0,0
6/20/23,6,Hand Tools,SUP_C,13,125.24,0,0,0
6/21/23,6,Hand Tools,SUP_C,11,115.99,0,0,0
6/22/23,6,Hand Tools,SUP_C,13,119.99,0,0,0
6/23/23,6,Hand Tools,SUP_C,15,117.72,0,0,0
6/24/23,6,Hand Tools,SUP_C,19,117.4,0,0,0
6/25/23,6,Hand Tools,SUP_C,23,123.3,0,0,0
6/26/23,6,Hand Tools,SUP_C,22,120.83,0,0,0
6/27/23,6,Hand Tools,SUP_C,15,122.14,0,0,0
6/28/23,6,Hand Tools,SUP_C,11,126.29,0,0,0
6/29/23,6,Hand Tools,SUP_C,12,118.94,0,0,0
6/30/23,6,Hand Tools,SUP_C,18,118.95,0,0,0
7/1/23,6,Hand Tools,SUP_C,22,119.19,0,0,0
7/2/23,6,Hand Tools,SUP_C,23,126.27,0,0,0
7/3/23,6,Hand Tools,SUP_C,22,115.26,0,0,0
7/4/23,6,Hand Tools,SUP_C,16,116.95,0,0,0
7/5/23,6,Hand Tools,SUP_C,17,115.46,0,0,0
7/6/23,6,Hand Tools,SUP_C,11,125.55,0,0,0
7/7/23,6,Hand Tools,SUP_C,17,120.38,0,0,0
7/8/23,6,Hand Tools,SUP_C,23,126.23,0,0,0
7/9/23,6,Hand Tools,SUP_C,22,119.13,0,0,0
7/10/23,6,Hand Tools,SUP_C,23,105.98,1,0,0
7/11/23,6,Hand Tools,SUP_C,26,87.88,1,0,0
7/12/23,6,Hand Tools,SUP_C,36,93.79,1,0,0
7/13/23,6,Hand Tools,SUP_C,29,88.48,1,0,0
7/14/23,6,Hand Tools,SUP_C,41,98.35,1,0,0
7/15/23,6,Hand Tools,SUP_C,38,97.97,1,0,0
7/16/23,6,Hand Tools,SUP_C,45,89.08,1,0,0
7/17/23,6,Hand Tools,SUP_C,20,125.67,0,0,0
7/18/23,6,Hand Tools,SUP_C,17,116.49,0,0,0
7/19/23,6,Hand Tools,SUP_C,8,123.33,0,0,0
7/20/23,6,Hand Tools,SUP_C,15,120.9,0,0,0
7/21/23,6,Hand Tools,SUP_C,19,114.95,0,0,0
7/22/23,6,Hand Tools,SUP_C,17,124.75,0,0,0
7/23/23,6,Hand Tools,SUP_C,27,124.35,0,0,0
7/24/23,6,Hand Tools,SUP_C,21,121.19,0,0,0
7/25/23,6,Hand Tools,SUP_C,19,122.6,0,0,0
7/26/23,6,Hand Tools,SUP_C,12,120.91,0,0,0
7/27/23,6,Hand Tools,SUP_C,10,119.8,0,0,0
7/28/23,6,Hand Tools,SUP_C,13,122.84,0,0,0
7/29/23,6,Hand Tools,SUP_C,18,116.49,0,0,0
7/30/23,6,Hand Tools,SUP_C,12,120.02,0,0,0
7/31/23,6,Hand Tools,SUP_C,17,122.98,0,0,0
8/1/23,6,Hand Tools,SUP_C,23,116.22,0,0,0
8/2/23,6,Hand Tools,SUP_C,15,125.19,0,0,0
8/3/23,6,Hand Tools,SUP_C,20,119.19,0,0,0
8/4/23,6,Hand Tools,SUP_C,13,121.2,0,0,0
8/5/23,6,Hand Tools,SUP_C,18,122.98,0,0,0
8/6/23,6,Hand Tools,SUP_C,14,125.5,0,0,0
8/7/23,6,Hand Tools,SUP_C,27,126.19,0,0,0
8/8/23,6,Hand Tools,SUP_C,20,117.48,0,0,0
8/9/23,6,Hand Tools,SUP_C,21,121.89,0,0,0
8/10/23,6,Hand Tools,SUP_C,16,121.66,0,0,0
8/11/23,6,Hand Tools,SUP_C,27,117.69,0,0,0
8/12/23,6,Hand Tools,SUP_C,25,114.91,0,0,0
8/13/23,6,Hand Tools,SUP_C,21,126.44,0,0,0
8/14/23,6,Hand Tools,SUP_C,18,126.01,0,0,0
8/15/23,6,Hand Tools,SUP_C,20,121.37,0,0,0
8/16/23,6,Hand Tools,SUP_C,12,117.03,0,0,0
8/17/23,6,Hand Tools,SUP_C,18,121.59,0,0,0
8/18/23,6,Hand Tools,SUP_C,15,117.42,0,0,0
8/19/23,6,Hand Tools,SUP_C,29,120.85,0,0,0
8/20/23,6,Hand Tools,SUP_C,20,116.84,0,0,0
8/21/23,6,Hand Tools,SUP_C,19,120.71,0,0,0
8/22/23,6,Hand Tools,SUP_C,20,126.69,0,0,0
8/23/23,6,Hand Tools,SUP_C,9,122.2,0,0,0
8/24/23,6,Hand Tools,SUP_C,10,125.1,0,0,0
8/25/23,6,Hand Tools,SUP_C,14,122.7,0,0,0
8/26/23,6,Hand Tools,SUP_C,22,121.11,0,0,0
8/27/23,6,Hand Tools,SUP_C,23,126.36,0,0,0
8/28/23,6,Hand Tools,SUP_C,11,116.17,0,0,0
8/29/23,6,Hand Tools,SUP_C,20,124.3,0,0,0
8/30/23,6,Hand Tools,SUP_C,20,121.1,0,0,0
8/31/23,6,Hand Tools,SUP_C,14,124.29,0,0,0
9/1/23,6,Hand Tools,SUP_C,16,125.49,0,0,0
9/2/23,6,Hand Tools,SUP_C,25,121.54,0,0,0
9/3/23,6,Hand Tools,SUP_C,25,122.19,0,0,0
9/4/23,6,Hand Tools,SUP_C,44,94.67,1,0,0
9/5/23,6,Hand Tools,SUP_C,28,98.25,1,0,0
9/6/23,6,Hand Tools,SUP_C,39,107.41,1,0,0
9/7/23,6,Hand Tools,SUP_C,36,85.8,1,0,0
9/8/23,6,Hand Tools,SUP_C,49,86.33,1,0,0
9/9/23,6,Hand Tools,SUP_C,47,89.73,1,0,0
9/10/23,6,Hand Tools,SUP_C,40,101.02,1,0,0
9/11/23,6,Hand Tools,SUP_C,25,115.36,0,0,0
9/12/23,6,Hand Tools,SUP_C,19,123.53,0,0,0
9/13/23,6,Hand Tools,SUP_C,21,126.29,0,0,0
9/14/23,6,Hand Tools,SUP_C,23,123.05,0,0,0
9/15/23,6,Hand Tools,SUP_C,27,121.64,0,0,0
9/16/23,6,Hand Tools,SUP_C,28,123.79,0,0,0
9/17/23,6,Hand Tools,SUP_C,19,118.62,0,0,0
9/18/23,6,Hand Tools,SUP_C,35,83.38,1,0,0
9/19/23,6,Hand Tools,SUP_C,29,109.54,1,0,0
9/20/23,6,Hand Tools,SUP_C,33,94.67,1,0,0
9/21/23,6,Hand Tools,SUP_C,33,103.99,1,0,0
9/22/23,6,Hand Tools,SUP_C,35,93.8,1,0,0
9/23/23,6,Hand Tools,SUP_C,43,94.45,1,0,0
9/24/23,6,Hand Tools,SUP_C,50,106.22,1,0,0
9/25/23,6,Hand Tools,SUP_C,27,118.61,0,0,0
9/26/23,6,Hand Tools,SUP_C,24,125.69,0,0,0
9/27/23,6,Hand Tools,SUP_C,27,124.95,0,0,0
9/28/23,6,Hand Tools,SUP_C,22,116.91,0,0,0
9/29/23,6,Hand Tools,SUP_C,21,115.94,0,0,0
9/30/23,6,Hand Tools,SUP_C,19,122.46,0,0,0
10/1/23,6,Hand Tools,SUP_C,48,117.47,0,0,0
10/2/23,6,Hand Tools,SUP_C,33,125.55,0,0,0
10/3/23,6,Hand Tools,SUP_C,21,125.55,0,0,0
10/4/23,6,Hand Tools,SUP_C,26,123.43,0,0,0
10/5/23,6,Hand Tools,SUP_C,16,119.97,0,0,0
10/6/23,6,Hand Tools,SUP_C,24,123.95,0,0,0
10/7/23,6,Hand Tools,SUP_C,23,125.92,0,0,0
10/8/23,6,Hand Tools,SUP_C,32,122.86,0,0,0
10/9/23,6,Hand Tools,SUP_C,35,115.25,0,0,0
10/10/23,6,Hand Tools,SUP_C,21,125.6,0,0,0
10/11/23,6,Hand Tools,SUP_C,32,122.39,0,0,0
10/12/23,6,Hand Tools,SUP_C,30,126.18,0,0,0
10/13/23,6,Hand Tools,SUP_C,28,125.24,0,0,0
10/14/23,6,Hand Tools,SUP_C,33,126.78,0,0,0
10/15/23,6,Hand Tools,SUP_C,31,120.14,0,0,0
10/16/23,6,Hand Tools,SUP_C,22,118.77,0,0,0
10/17/23,6,Hand Tools,SUP_C,30,124.74,0,0,0
10/18/23,6,Hand Tools,SUP_C,32,121.86,0,0,0
10/19/23,6,Hand Tools,SUP_C,28,115.01,0,0,0
10/20/23,6,Hand Tools,SUP_C,24,119.04,0,0,0
10/21/23,6,Hand Tools,SUP_C,27,126.42,0,0,0
10/22/23,6,Hand Tools,SUP_C,29,115.17,0,0,0
10/23/23,6,Hand Tools,SUP_C,25,116.4,0,0,0
10/24/23,6,Hand Tools,SUP_C,31,126.12,0,0,0
10/25/23,6,Hand Tools,SUP_C,22,124.14,0,0,0
10/26/23,6,Hand Tools,SUP_C,23,115.1,0,0,0
10/27/23,6,Hand Tools,SUP_C,28,120.63,0,0,0
10/28/23,6,Hand Tools,SUP_C,29,126.59,0,0,0
10/29/23,6,Hand Tools,SUP_C,36,126.18,0,0,0
10/30/23,6,Hand Tools,SUP_C,23,125.74,0,0,0
10/31/23,6,Hand Tools,SUP_C,22,122.12,0,0,0
11/1/23,6,Hand Tools,SUP_C,27,127.07,0,0,0
11/2/23,6,Hand Tools,SUP_C,25,129.97,0,0,0
11/3/23,6,Hand Tools,SUP_C,32,129.26,0,0,0
11/4/23,6,Hand Tools,SUP_C,26,132.58,0,0,0
11/5/23,6,Hand Tools,SUP_C,25,126.82,0,0,0
11/6/23,6,Hand Tools,SUP_C,35,129.26,0,0,0
11/7/23,6,Hand Tools,SUP_C,18,122.8,0,0,0
11/8/23,6,Hand Tools,SUP_C,27,121.94,0,0,0
11/9/23,6,Hand Tools,SUP_C,33,131.24,0,0,0
11/10/23,6,Hand Tools,SUP_C,27,128.79,0,0,0
11/11/23,6,Hand Tools,SUP_C,38,127.52,0,0,0
11/12/23,6,Hand Tools,SUP_C,24,128.6,0,0,0
11/13/23,6,Hand Tools,SUP_C,27,126.48,0,0,0
11/14/23,6,Hand Tools,SUP_C,29,122.14,0,0,0
11/15/23,6,Hand Tools,SUP_C,17,126.81,0,0,0
11/16/23,6,Hand Tools,SUP_C,16,124.67,0,0,0
11/17/23,6,Hand Tools,SUP_C,25,122.82,0,0,0
11/18/23,6,Hand Tools,SUP_C,24,121.23,0,0,0
11/19/23,6,Hand Tools,SUP_C,31,121.6,0,0,0
11/20/23,6,Hand Tools,SUP_C,40,122.89,0,1,0
11/21/23,6,Hand Tools,SUP_C,26,123.57,0,1,0
11/22/23,6,Hand Tools,SUP_C,32,128.31,0,1,0
11/23/23,6,Hand Tools,SUP_C,26,125.93,0,1,0
11/24/23,6,Hand Tools,SUP_C,39,131.52,0,1,0
11/25/23,6,Hand Tools,SUP_C,36,132.27,0,1,0
11/26/23,6,Hand Tools,SUP_C,32,129.31,0,1,0
11/27/23,6,Hand Tools,SUP_C,26,131.92,0,1,0
11/28/23,6,Hand Tools,SUP_C,24,131.68,0,1,0
11/29/23,6,Hand Tools,SUP_C,29,129.21,0,0,0
11/30/23,6,Hand Tools,SUP_C,30,130.29,0,0,0
12/1/23,6,Hand Tools,SUP_C,37,129.64,0,0,1
12/2/23,6,Hand Tools,SUP_C,28,124.36,0,0,1
12/3/23,6,Hand Tools,SUP_C,36,122.23,0,0,1
12/4/23,6,Hand Tools,SUP_C,48,95.26,1,0,1
12/5/23,6,Hand Tools,SUP_C,49,109.31,1,0,1
12/6/23,6,Hand Tools,SUP_C,44,88.11,1,0,1
12/7/23,6,Hand Tools,SUP_C,57,90.54,1,0,1
12/8/23,6,Hand Tools,SUP_C,57,91.66,1,0,1
12/9/23,6,Hand Tools,SUP_C,59,115.08,1,0,1
12/10/23,6,Hand Tools,SUP_C,62,118.39,1,0,1
12/11/23,6,Hand Tools,SUP_C,19,129.7,0,0,1
12/12/23,6,Hand Tools,SUP_C,30,132.93,0,0,1
12/13/23,6,Hand Tools,SUP_C,25,128.5,0,0,1
12/14/23,6,Hand Tools,SUP_C,39,122.27,0,0,1
12/15/23,6,Hand Tools,SUP_C,21,125.92,0,0,1
12/16/23,6,Hand Tools,SUP_C,35,131.34,0,0,1
12/17/23,6,Hand Tools,SUP_C,31,123.05,0,0,1
12/18/23,6,Hand Tools,SUP_C,23,124.61,0,0,1
12/19/23,6,Hand Tools,SUP_C,23,127.65,0,0,1
12/20/23,6,Hand Tools,SUP_C,25,124.08,0,0,1
12/21/23,6,Hand Tools,SUP_C,31,122.24,0,0,1
12/22/23,6,Hand Tools,SUP_C,25,128.63,0,0,1
12/23/23,6,Hand Tools,SUP_C,31,132.14,0,0,1
12/24/23,6,Hand Tools,SUP_C,24,130.54,0,0,1
12/25/23,6,Hand Tools,SUP_C,30,126.26,0,0,0
12/26/23,6,Hand Tools,SUP_C,27,132.74,0,0,0
12/27/23,6,Hand Tools,SUP_C,25,130.28,0,0,0
12/28/23,6,Hand Tools,SUP_C,25,128.44,0,0,0
12/29/23,6,Hand Tools,SUP_C,23,128.47,0,0,0
12/30/23,6,Hand Tools,SUP_C,28,122.8,0,0,0
12/31/23,6,Hand Tools,SUP_C,26,122.56,0,0,0
1/1/24,6,Hand Tools,SUP_C,21,124.28,0,0,0
1/2/24,6,Hand Tools,SUP_C,21,119.59,0,0,0
1/3/24,6,Hand Tools,SUP_C,18,125.74,0,0,0
1/4/24,6,Hand Tools,SUP_C,18,115.81,0,0,0
1/5/24,6,Hand Tools,SUP_C,26,121.42,0,0,0
1/6/24,6,Hand Tools,SUP_C,22,116.25,0,0,0
1/7/24,6,Hand Tools,SUP_C,26,125.36,0,0,0
1/8/24,6,Hand Tools,SUP_C,18,125.6,0,0,0
1/9/24,6,Hand Tools,SUP_C,24,116.74,0,0,0
1/10/24,6,Hand Tools,SUP_C,19,119.08,0,0,0
1/11/24,6,Hand Tools,SUP_C,18,115.64,0,0,0
1/12/24,6,Hand Tools,SUP_C,20,116.63,0,0,0
1/13/24,6,Hand Tools,SUP_C,23,118.27,0,0,0
1/14/24,6,Hand Tools,SUP_C,23,115.8,0,0,0
1/15/24,6,Hand Tools,SUP_C,16,125,0,0,0
1/16/24,6,Hand Tools,SUP_C,23,125.37,0,0,0
1/17/24,6,Hand Tools,SUP_C,25,118.85,0,0,0
1/18/24,6,Hand Tools,SUP_C,18,126.72,0,0,0
1/19/24,6,Hand Tools,SUP_C,24,119.5,0,0,0
1/20/24,6,Hand Tools,SUP_C,19,121.68,0,0,0
1/21/24,6,Hand Tools,SUP_C,21,116.19,0,0,0
1/22/24,6,Hand Tools,SUP_C,21,117.42,0,0,0
1/23/24,6,Hand Tools,SUP_C,19,120.26,0,0,0
1/24/24,6,Hand Tools,SUP_C,18,124.85,0,0,0
1/25/24,6,Hand Tools,SUP_C,16,118.01,0,0,0
1/26/24,6,Hand Tools,SUP_C,19,117.15,0,0,0
1/27/24,6,Hand Tools,SUP_C,24,118.59,0,0,0
1/28/24,6,Hand Tools,SUP_C,27,120.99,0,0,0
1/29/24,6,Hand Tools,SUP_C,20,121.03,0,0,0
1/30/24,6,Hand Tools,SUP_C,23,124.36,0,0,0
1/31/24,6,Hand Tools,SUP_C,22,126.93,0,0,0
2/1/24,6,Hand Tools,SUP_C,18,115.37,0,0,0
2/2/24,6,Hand Tools,SUP_C,14,116.02,0,0,0
2/3/24,6,Hand Tools,SUP_C,23,115.73,0,0,0
2/4/24,6,Hand Tools,SUP_C,22,119.58,0,0,0
2/5/24,6,Hand Tools,SUP_C,29,103.56,1,0,0
2/6/24,6,Hand Tools,SUP_C,28,88.75,1,0,0
2/7/24,6,Hand Tools,SUP_C,34,109.93,1,0,0
2/8/24,6,Hand Tools,SUP_C,34,98.98,1,0,0
2/9/24,6,Hand Tools,SUP_C,44,93.28,1,0,0
2/10/24,6,Hand Tools,SUP_C,45,102.4,1,0,0
2/11/24,6,Hand Tools,SUP_C,31,93.39,1,0,0
2/12/24,6,Hand Tools,SUP_C,20,125.4,0,0,0
2/13/24,6,Hand Tools,SUP_C,18,122.32,0,0,0
2/14/24,6,Hand Tools,SUP_C,31,121.89,0,0,0
2/15/24,6,Hand Tools,SUP_C,20,125,0,0,0
2/16/24,6,Hand Tools,SUP_C,20,124.59,0,0,0
2/17/24,6,Hand Tools,SUP_C,20,117.01,0,0,0
2/18/24,6,Hand Tools,SUP_C,18,125.01,0,0,0
2/19/24,6,Hand Tools,SUP_C,21,116.32,0,0,0
2/20/24,6,Hand Tools,SUP_C,20,115.53,0,0,0
2/21/24,6,Hand Tools,SUP_C,18,116.81,0,0,0
2/22/24,6,Hand Tools,SUP_C,18,121.64,0,0,0
2/23/24,6,Hand Tools,SUP_C,22,116.24,0,0,0
2/24/24,6,Hand Tools,SUP_C,25,124.78,0,0,0
2/25/24,6,Hand Tools,SUP_C,30,119.86,0,0,0
2/26/24,6,Hand Tools,SUP_C,18,124.6,0,0,0
2/27/24,6,Hand Tools,SUP_C,24,122.09,0,0,0
2/28/24,6,Hand Tools,SUP_C,22,118.2,0,0,0
2/29/24,6,Hand Tools,SUP_C,29,125.44,0,0,0
3/1/24,6,Hand Tools,SUP_C,21,118.39,0,0,0
3/2/24,6,Hand Tools,SUP_C,23,124.84,0,0,0
3/3/24,6,Hand Tools,SUP_C,25,120.14,0,0,0
3/4/24,6,Hand Tools,SUP_C,18,115.45,0,0,0
3/5/24,6,Hand Tools,SUP_C,21,118.17,0,0,0
3/6/24,6,Hand Tools,SUP_C,21,115.19,0,0,0
3/7/24,6,Hand Tools,SUP_C,24,114.99,0,0,0
3/8/24,6,Hand Tools,SUP_C,27,118.74,0,0,0
3/9/24,6,Hand Tools,SUP_C,26,123.96,0,0,0
3/10/24,6,Hand Tools,SUP_C,24,126.35,0,0,0
3/11/24,6,Hand Tools,SUP_C,42,96.73,1,0,0
3/12/24,6,Hand Tools,SUP_C,42,98.6,1,0,0
3/13/24,6,Hand Tools,SUP_C,25,107.53,1,0,0
3/14/24,6,Hand Tools,SUP_C,33,97.92,1,0,0
3/15/24,6,Hand Tools,SUP_C,42,110.44,1,0,0
3/16/24,6,Hand Tools,SUP_C,41,100.23,1,0,0
3/17/24,6,Hand Tools,SUP_C,57,85.33,1,0,0
3/18/24,6,Hand Tools,SUP_C,21,86.07,1,0,0
3/19/24,6,Hand Tools,SUP_C,33,105.76,1,0,0
3/20/24,6,Hand Tools,SUP_C,38,112.44,1,0,0
3/21/24,6,Hand Tools,SUP_C,41,98.42,1,0,0
3/22/24,6,Hand Tools,SUP_C,28,89.98,1,0,0
3/23/24,6,Hand Tools,SUP_C,44,95.01,1,0,0
3/24/24,6,Hand Tools,SUP_C,44,95.93,1,0,0
3/25/24,6,Hand Tools,SUP_C,34,115.52,0,0,0
3/26/24,6,Hand Tools,SUP_C,26,115.83,0,0,0
3/27/24,6,Hand Tools,SUP_C,22,125.08,0,0,0
3/28/24,6,Hand Tools,SUP_C,18,121.8,0,0,0
3/29/24,6,Hand Tools,SUP_C,16,115.49,0,0,0
3/30/24,6,Hand Tools,SUP_C,31,125.69,0,0,0
3/31/24,6,Hand Tools,SUP_C,22,117.29,0,0,0
4/1/24,6,Hand Tools,SUP_C,18,118.86,0,0,0
4/2/24,6,Hand Tools,SUP_C,22,115.98,0,0,0
4/3/24,6,Hand Tools,SUP_C,20,125.82,0,0,0
4/4/24,6,Hand Tools,SUP_C,27,123.44,0,0,0
4/5/24,6,Hand Tools,SUP_C,20,123.91,0,0,0
4/6/24,6,Hand Tools,SUP_C,20,115.1,0,0,0
4/7/24,6,Hand Tools,SUP_C,27,118.42,0,0,0
4/8/24,6,Hand Tools,SUP_C,16,116.8,0,0,0
4/9/24,6,Hand Tools,SUP_C,13,126.07,0,0,0
4/10/24,6,Hand Tools,SUP_C,19,119.25,0,0,0
4/11/24,6,Hand Tools,SUP_C,19,126.62,0,0,0
4/12/24,6,Hand Tools,SUP_C,17,123.28,0,0,0
4/13/24,6,Hand Tools,SUP_C,22,121.52,0,0,0
4/14/24,6,Hand Tools,SUP_C,31,115.28,0,0,0
4/15/24,6,Hand Tools,SUP_C,21,124.1,0,0,0
4/16/24,6,Hand Tools,SUP_C,24,120.74,0,0,0
4/17/24,6,Hand Tools,SUP_C,17,123.71,0,0,0
4/18/24,6,Hand Tools,SUP_C,20,124.98,0,0,0
4/19/24,6,Hand Tools,SUP_C,19,125.26,0,0,0
4/20/24,6,Hand Tools,SUP_C,31,122.93,0,0,0
4/21/24,6,Hand Tools,SUP_C,20,123.4,0,0,0
4/22/24,6,Hand Tools,SUP_C,25,119.11,0,0,0
4/23/24,6,Hand Tools,SUP_C,16,123.88,0,0,0
4/24/24,6,Hand Tools,SUP_C,26,121.97,0,0,0
4/25/24,6,Hand Tools,SUP_C,21,126.12,0,0,0
4/26/24,6,Hand Tools,SUP_C,21,118.75,0,0,0
4/27/24,6,Hand Tools,SUP_C,30,116.71,0,0,0
4/28/24,6,Hand Tools,SUP_C,25,122.25,0,0,0
4/29/24,6,Hand Tools,SUP_C,15,121.38,0,0,0
4/30/24,6,Hand Tools,SUP_C,22,120,0,0,0
5/1/24,6,Hand Tools,SUP_C,25,119.15,0,0,0
5/2/24,6,Hand Tools,SUP_C,26,121.68,0,0,0
5/3/24,6,Hand Tools,SUP_C,27,115.03,0,0,0
5/4/24,6,Hand Tools,SUP_C,12,121.77,0,0,0
5/5/24,6,Hand Tools,SUP_C,22,124.44,0,0,0
5/6/24,6,Hand Tools,SUP_C,19,118.84,0,0,0
5/7/24,6,Hand Tools,SUP_C,18,122.45,0,0,0
5/8/24,6,Hand Tools,SUP_C,18,125.18,0,0,0
5/9/24,6,Hand Tools,SUP_C,20,117.58,0,0,0
5/10/24,6,Hand Tools,SUP_C,22,122.19,0,0,0
5/11/24,6,Hand Tools,SUP_C,9,116.17,0,0,0
5/12/24,6,Hand Tools,SUP_C,23,121.94,0,0,0
5/13/24,6,Hand Tools,SUP_C,20,118.4,0,0,0
5/14/24,6,Hand Tools,SUP_C,16,126.75,0,0,0
5/15/24,6,Hand Tools,SUP_C,12,126.44,0,0,0
5/16/24,6,Hand Tools,SUP_C,14,120.92,0,0,0
5/17/24,6,Hand Tools,SUP_C,19,117.68,0,0,0
5/18/24,6,Hand Tools,SUP_C,30,116.74,0,0,0
5/19/24,6,Hand Tools,SUP_C,27,116.27,0,0,0
5/20/24,6,Hand Tools,SUP_C,9,115.59,0,0,0
5/21/24,6,Hand Tools,SUP_C,18,126.37,0,0,0
5/22/24,6,Hand Tools,SUP_C,26,115.69,0,0,0
5/23/24,6,Hand Tools,SUP_C,19,116.76,0,0,0
5/24/24,6,Hand Tools,SUP_C,15,125.76,0,0,0
5/25/24,6,Hand Tools,SUP_C,25,116.17,0,0,0
5/26/24,6,Hand Tools,SUP_C,23,118.1,0,0,0
5/27/24,6,Hand Tools,SUP_C,23,116.2,0,0,0
5/28/24,6,Hand Tools,SUP_C,15,115.38,0,0,0
5/29/24,6,Hand Tools,SUP_C,19,116.94,0,0,0
5/30/24,6,Hand Tools,SUP_C,25,118.4,0,0,0
5/31/24,6,Hand Tools,SUP_C,22,118.47,0,0,0
6/1/24,6,Hand Tools,SUP_C,17,115.81,0,0,0
6/2/24,6,Hand Tools,SUP_C,18,118.25,0,0,0
6/3/24,6,Hand Tools,SUP_C,5,119.27,0,0,0
6/4/24,6,Hand Tools,SUP_C,15,115.76,0,0,0
6/5/24,6,Hand Tools,SUP_C,12,123.05,0,0,0
6/6/24,6,Hand Tools,SUP_C,11,125.47,0,0,0
6/7/24,6,Hand Tools,SUP_C,20,119.08,0,0,0
