Sales_History.csv
date,sku_id,category,supplier_id,units_sold,price,promo_flag,is_black_friday_week,is_christmas_peak
6/8/24,6,Hand Tools,SUP_C,25,118.99,0,0,0
6/9/24,6,Hand Tools,SUP_C,21,119.96,0,0,0
6/10/24,6,Hand Tools,SUP_C,35,93.87,1,0,0
6/11/24,6,Hand Tools,SUP_C,28,105.04,1,0,0
6/12/24,6,Hand Tools,SUP_C,29,104.91,1,0,0
6/13/24,6,Hand Tools,SUP_C,32,102.63,1,0,0
6/14/24,6,Hand Tools,SUP_C,31,102.96,1,0,0
6/15/24,6,Hand Tools,SUP_C,39,88.44,1,0,0
6/16/24,6,Hand Tools,SUP_C,43,100.64,1,0,0
6/17/24,6,Hand Tools,SUP_C,17,122.25,0,0,0
6/18/24,6,Hand Tools,SUP_C,11,123.07,0,0,0
6/19/24,6,Hand Tools,SUP_C,15,115.22,0,0,0
6/20/24,6,Hand Tools,SUP_C,10,121.07,0,0,0
6/21/24,6,Hand Tools,SUP_C,26,115.9,0,0,0
6/22/24,6,Hand Tools,SUP_C,18,126.02,0,0,0
6/23/24,6,Hand Tools,SUP_C,21,118.07,0,0,0
6/24/24,6,Hand Tools,SUP_C,22,120.85,0,0,0
6/25/24,6,Hand Tools,SUP_C,21,126.08,0,0,0
6/26/24,6,Hand Tools,SUP_C,12,118.7,0,0,0
6/27/24,6,Hand Tools,SUP_C,15,119.76,0,0,0
6/28/24,6,Hand Tools,SUP_C,13,120.11,0,0,0
6/29/24,6,Hand Tools,SUP_C,12,124.25,0,0,0
6/30/24,6,Hand Tools,SUP_C,32,118.69,0,0,0
7/1/24,6,Hand Tools,SUP_C,13,120.75,0,0,0
7/2/24,6,Hand Tools,SUP_C,16,120.18,0,0,0
7/3/24,6,Hand Tools,SUP_C,8,122.04,0,0,0
7/4/24,6,Hand Tools,SUP_C,17,117.45,0,0,0
7/5/24,6,Hand Tools,SUP_C,22,121.02,0,0,0
7/6/24,6,Hand Tools,SUP_C,17,119.56,0,0,0
7/7/24,6,Hand Tools,SUP_C,19,117.27,0,0,0
7/8/24,6,Hand Tools,SUP_C,15,120.98,0,0,0
7/9/24,6,Hand Tools,SUP_C,16,117.64,0,0,0
7/10/24,6,Hand Tools,SUP_C,25,124.87,0,0,0
7/11/24,6,Hand Tools,SUP_C,18,123.08,0,0,0
7/12/24,6,Hand Tools,SUP_C,21,114.97,0,0,0
7/13/24,6,Hand Tools,SUP_C,25,125.03,0,0,0
7/14/24,6,Hand Tools,SUP_C,23,122.98,0,0,0
7/15/24,6,Hand Tools,SUP_C,15,123.09,0,0,0
7/16/24,6,Hand Tools,SUP_C,13,117.19,0,0,0
7/17/24,6,Hand Tools,SUP_C,23,120.28,0,0,0
7/18/24,6,Hand Tools,SUP_C,18,126.57,0,0,0
7/19/24,6,Hand Tools,SUP_C,11,118.32,0,0,0
7/20/24,6,Hand Tools,SUP_C,20,123.68,0,0,0
7/21/24,6,Hand Tools,SUP_C,17,117.82,0,0,0
7/22/24,6,Hand Tools,SUP_C,25,116.77,0,0,0
7/23/24,6,Hand Tools,SUP_C,13,121.86,0,0,0
7/24/24,6,Hand Tools,SUP_C,18,125.76,0,0,0
7/25/24,6,Hand Tools,SUP_C,14,120.72,0,0,0
7/26/24,6,Hand Tools,SUP_C,28,126,0,0,0
7/27/24,6,Hand Tools,SUP_C,15,126.02,0,0,0
7/28/24,6,Hand Tools,SUP_C,19,121.02,0,0,0
7/29/24,6,Hand Tools,SUP_C,17,120.36,0,0,0
7/30/24,6,Hand Tools,SUP_C,17,117.73,0,0,0
7/31/24,6,Hand Tools,SUP_C,11,122.88,0,0,0
8/1/24,6,Hand Tools,SUP_C,20,123.54,0,0,0
8/2/24,6,Hand Tools,SUP_C,18,116.68,0,0,0
8/3/24,6,Hand Tools,SUP_C,22,121.86,0,0,0
8/4/24,6,Hand Tools,SUP_C,20,117.84,0,0,0
8/5/24,6,Hand Tools,SUP_C,14,117.96,0,0,0
8/6/24,6,Hand Tools,SUP_C,15,120.05,0,0,0
8/7/24,6,Hand Tools,SUP_C,17,119.9,0,0,0
8/8/24,6,Hand Tools,SUP_C,23,121.91,0,0,0
8/9/24,6,Hand Tools,SUP_C,13,120.96,0,0,0
8/10/24,6,Hand Tools,SUP_C,20,120.65,0,0,0
8/11/24,6,Hand Tools,SUP_C,21,120.04,0,0,0
8/12/24,6,Hand Tools,SUP_C,37,108.03,1,0,0
8/13/24,6,Hand Tools,SUP_C,33,106.79,1,0,0
8/14/24,6,Hand Tools,SUP_C,25,95.57,1,0,0
8/15/24,6,Hand Tools,SUP_C,25,99.03,1,0,0
8/16/24,6,Hand Tools,SUP_C,33,100.43,1,0,0
8/17/24,6,Hand Tools,SUP_C,34,87.31,1,0,0
8/18/24,6,Hand Tools,SUP_C,28,95.62,1,0,0
8/19/24,6,Hand Tools,SUP_C,7,123.7,0,0,0
8/20/24,6,Hand Tools,SUP_C,11,126.84,0,0,0
8/21/24,6,Hand Tools,SUP_C,13,126.32,0,0,0
8/22/24,6,Hand Tools,SUP_C,21,123.56,0,0,0
8/23/24,6,Hand Tools,SUP_C,20,119.2,0,0,0
8/24/24,6,Hand Tools,SUP_C,17,116.18,0,0,0
8/25/24,6,Hand Tools,SUP_C,19,121.55,0,0,0
8/26/24,6,Hand Tools,SUP_C,10,119.55,0,0,0
8/27/24,6,Hand Tools,SUP_C,18,126.87,0,0,0
8/28/24,6,Hand Tools,SUP_C,21,117.04,0,0,0
8/29/24,6,Hand Tools,SUP_C,22,119.65,0,0,0
8/30/24,6,Hand Tools,SUP_C,18,126.5,0,0,0
8/31/24,6,Hand Tools,SUP_C,19,123.24,0,0,0
9/1/24,6,Hand Tools,SUP_C,29,116.41,0,0,0
9/2/24,6,Hand Tools,SUP_C,25,120.14,0,0,0
9/3/24,6,Hand Tools,SUP_C,10,124.23,0,0,0
9/4/24,6,Hand Tools,SUP_C,26,124.69,0,0,0
9/5/24,6,Hand Tools,SUP_C,23,121.88,0,0,0
9/6/24,6,Hand Tools,SUP_C,25,122.01,0,0,0
9/7/24,6,Hand Tools,SUP_C,20,118.88,0,0,0
9/8/24,6,Hand Tools,SUP_C,23,119.74,0,0,0
9/9/24,6,Hand Tools,SUP_C,18,126.62,0,0,0
9/10/24,6,Hand Tools,SUP_C,15,126.15,0,0,0
9/11/24,6,Hand Tools,SUP_C,21,126.64,0,0,0
9/12/24,6,Hand Tools,SUP_C,22,120.65,0,0,0
9/13/24,6,Hand Tools,SUP_C,22,124.05,0,0,0
9/14/24,6,Hand Tools,SUP_C,20,123.86,0,0,0
9/15/24,6,Hand Tools,SUP_C,24,125.5,0,0,0
9/16/24,6,Hand Tools,SUP_C,20,118.58,0,0,0
9/17/24,6,Hand Tools,SUP_C,15,119.99,0,0,0
9/18/24,6,Hand Tools,SUP_C,19,124,0,0,0
9/19/24,6,Hand Tools,SUP_C,28,121.32,0,0,0
9/20/24,6,Hand Tools,SUP_C,16,119.79,0,0,0
9/21/24,6,Hand Tools,SUP_C,29,123.68,0,0,0
9/22/24,6,Hand Tools,SUP_C,15,123.92,0,0,0
9/23/24,6,Hand Tools,SUP_C,33,94.56,1,0,0
9/24/24,6,Hand Tools,SUP_C,32,105.46,1,0,0
9/25/24,6,Hand Tools,SUP_C,35,102.01,1,0,0
9/26/24,6,Hand Tools,SUP_C,36,102.47,1,0,0
9/27/24,6,Hand Tools,SUP_C,40,95.01,1,0,0
9/28/24,6,Hand Tools,SUP_C,60,87.62,1,0,0
9/29/24,6,Hand Tools,SUP_C,47,101.3,1,0,0
9/30/24,6,Hand Tools,SUP_C,20,123.38,0,0,0
10/1/24,6,Hand Tools,SUP_C,34,121.37,0,0,0
10/2/24,6,Hand Tools,SUP_C,26,116.74,0,0,0
10/3/24,6,Hand Tools,SUP_C,25,119.09,0,0,0
10/4/24,6,Hand Tools,SUP_C,26,118.59,0,0,0
10/5/24,6,Hand Tools,SUP_C,30,121.27,0,0,0
10/6/24,6,Hand Tools,SUP_C,25,119.35,0,0,0
10/7/24,6,Hand Tools,SUP_C,35,123.88,0,0,0
10/8/24,6,Hand Tools,SUP_C,34,118,0,0,0
10/9/24,6,Hand Tools,SUP_C,23,123.19,0,0,0
10/10/24,6,Hand Tools,SUP_C,28,118.68,0,0,0
10/11/24,6,Hand Tools,SUP_C,29,126.94,0,0,0
10/12/24,6,Hand Tools,SUP_C,42,123.88,0,0,0
10/13/24,6,Hand Tools,SUP_C,32,126.6,0,0,0
10/14/24,6,Hand Tools,SUP_C,24,118.99,0,0,0
10/15/24,6,Hand Tools,SUP_C,15,122.44,0,0,0
10/16/24,6,Hand Tools,SUP_C,22,124.31,0,0,0
10/17/24,6,Hand Tools,SUP_C,24,121.17,0,0,0
10/18/24,6,Hand Tools,SUP_C,30,124.04,0,0,0
10/19/24,6,Hand Tools,SUP_C,28,114.88,0,0,0
10/20/24,6,Hand Tools,SUP_C,33,122.81,0,0,0
10/21/24,6,Hand Tools,SUP_C,29,124.23,0,0,0
10/22/24,6,Hand Tools,SUP_C,27,125.04,0,0,0
10/23/24,6,Hand Tools,SUP_C,20,121.08,0,0,0
10/24/24,6,Hand Tools,SUP_C,27,123.63,0,0,0
10/25/24,6,Hand Tools,SUP_C,26,118.26,0,0,0
10/26/24,6,Hand Tools,SUP_C,20,120.85,0,0,0
10/27/24,6,Hand Tools,SUP_C,32,116.78,0,0,0
10/28/24,6,Hand Tools,SUP_C,32,116.96,0,0,0
10/29/24,6,Hand Tools,SUP_C,34,121.87,0,0,0
10/30/24,6,Hand Tools,SUP_C,28,117.64,0,0,0
10/31/24,6,Hand Tools,SUP_C,24,124.37,0,0,0
11/1/24,6,Hand Tools,SUP_C,22,130.37,0,0,0
11/2/24,6,Hand Tools,SUP_C,26,126.85,0,0,0
11/3/24,6,Hand Tools,SUP_C,27,125.3,0,0,0
11/4/24,6,Hand Tools,SUP_C,20,126.78,0,0,0
11/5/24,6,Hand Tools,SUP_C,22,130.62,0,0,0
11/6/24,6,Hand Tools,SUP_C,23,126.05,0,0,0
11/7/24,6,Hand Tools,SUP_C,13,126.56,0,0,0
11/8/24,6,Hand Tools,SUP_C,20,129.71,0,0,0
11/9/24,6,Hand Tools,SUP_C,30,128.09,0,0,0
11/10/24,6,Hand Tools,SUP_C,32,130.11,0,0,0
11/11/24,6,Hand Tools,SUP_C,25,121.21,0,0,0
11/12/24,6,Hand Tools,SUP_C,18,123.1,0,0,0
11/13/24,6,Hand Tools,SUP_C,21,125.02,0,0,0
11/14/24,6,Hand Tools,SUP_C,41,130.49,0,0,0
11/15/24,6,Hand Tools,SUP_C,16,121.26,0,0,0
11/16/24,6,Hand Tools,SUP_C,29,131.48,0,0,0
11/17/24,6,Hand Tools,SUP_C,28,126.66,0,0,0
11/18/24,6,Hand Tools,SUP_C,31,128.09,0,1,0
11/19/24,6,Hand Tools,SUP_C,30,130.86,0,1,0
11/20/24,6,Hand Tools,SUP_C,27,121.32,0,1,0
11/21/24,6,Hand Tools,SUP_C,26,124.72,0,1,0
11/22/24,6,Hand Tools,SUP_C,27,132.41,0,1,0
11/23/24,6,Hand Tools,SUP_C,29,128.51,0,1,0
11/24/24,6,Hand Tools,SUP_C,31,125.83,0,1,0
11/25/24,6,Hand Tools,SUP_C,61,105.69,1,1,0
11/26/24,6,Hand Tools,SUP_C,46,110.04,1,1,0
11/27/24,6,Hand Tools,SUP_C,49,112.06,1,0,0
11/28/24,6,Hand Tools,SUP_C,52,109.35,1,0,0
11/29/24,6,Hand Tools,SUP_C,52,106.01,1,0,0
11/30/24,6,Hand Tools,SUP_C,70,85.05,1,0,0
12/1/24,6,Hand Tools,SUP_C,48,103.74,1,0,1
12/2/24,6,Hand Tools,SUP_C,30,123.58,0,0,1
12/3/24,6,Hand Tools,SUP_C,30,127.71,0,0,1
12/4/24,6,Hand Tools,SUP_C,19,128.46,0,0,1
12/5/24,6,Hand Tools,SUP_C,27,132.06,0,0,1
12/6/24,6,Hand Tools,SUP_C,36,122.94,0,0,1
12/7/24,6,Hand Tools,SUP_C,28,127.47,0,0,1
12/8/24,6,Hand Tools,SUP_C,30,132.78,0,0,1
12/9/24,6,Hand Tools,SUP_C,24,123.71,0,0,1
12/10/24,6,Hand Tools,SUP_C,29,126.05,0,0,1
12/11/24,6,Hand Tools,SUP_C,28,125.9,0,0,1
12/12/24,6,Hand Tools,SUP_C,30,129.67,0,0,1
12/13/24,6,Hand Tools,SUP_C,30,131.11,0,0,1
12/14/24,6,Hand Tools,SUP_C,26,126.1,0,0,1
12/15/24,6,Hand Tools,SUP_C,26,123.37,0,0,1
12/16/24,6,Hand Tools,SUP_C,43,101.37,1,0,1
12/17/24,6,Hand Tools,SUP_C,50,103.98,1,0,1
12/18/24,6,Hand Tools,SUP_C,45,110.64,1,0,1
12/19/24,6,Hand Tools,SUP_C,47,108.94,1,0,1
12/20/24,6,Hand Tools,SUP_C,53,103.42,1,0,1
12/21/24,6,Hand Tools,SUP_C,58,118.6,1,0,1
12/22/24,6,Hand Tools,SUP_C,62,103.18,1,0,1
12/23/24,6,Hand Tools,SUP_C,26,125.8,0,0,1
12/24/24,6,Hand Tools,SUP_C,26,129.7,0,0,1
12/25/24,6,Hand Tools,SUP_C,19,127.65,0,0,0
12/26/24,6,Hand Tools,SUP_C,26,127.61,0,0,0
12/27/24,6,Hand Tools,SUP_C,28,131.19,0,0,0
12/28/24,6,Hand Tools,SUP_C,32,131.85,0,0,0
12/29/24,6,Hand Tools,SUP_C,33,132.8,0,0,0
12/30/24,6,Hand Tools,SUP_C,23,124.3,0,0,0
12/31/24,6,Hand Tools,SUP_C,34,125.24,0,0,0
1/1/21,7,Storage,SUP_E,2,135.07,0,0,0
1/2/21,7,Storage,SUP_E,1,145.22,0,0,0
1/3/21,7,Storage,SUP_E,2,143.75,0,0,0
1/4/21,7,Storage,SUP_E,0,114.19,1,0,0
1/5/21,7,Storage,SUP_E,3,114.12,1,0,0
1/6/21,7,Storage,SUP_E,1,123.46,1,0,0
1/7/21,7,Storage,SUP_E,2,103.34,1,0,0
1/8/21,7,Storage,SUP_E,1,112.01,1,0,0
1/9/21,7,Storage,SUP_E,4,100.11,1,0,0
1/10/21,7,Storage,SUP_E,0,111.09,1,0,0
1/11/21,7,Storage,SUP_E,1,140.61,0,0,0
1/12/21,7,Storage,SUP_E,0,139.9,0,0,0
1/13/21,7,Storage,SUP_E,1,134.73,0,0,0
1/14/21,7,Storage,SUP_E,4,135.67,0,0,0
1/15/21,7,Storage,SUP_E,2,133.62,0,0,0
1/16/21,7,Storage,SUP_E,0,135.75,0,0,0
1/17/21,7,Storage,SUP_E,2,141.31,0,0,0
1/18/21,7,Storage,SUP_E,1,135,0,0,0
1/19/21,7,Storage,SUP_E,0,143.14,0,0,0
1/20/21,7,Storage,SUP_E,0,136.94,0,0,0
1/21/21,7,Storage,SUP_E,1,138.36,0,0,0
1/22/21,7,Storage,SUP_E,2,136.09,0,0,0
1/23/21,7,Storage,SUP_E,1,144.95,0,0,0
1/24/21,7,Storage,SUP_E,2,136.39,0,0,0
1/25/21,7,Storage,SUP_E,2,144.95,0,0,0
1/26/21,7,Storage,SUP_E,0,141.48,0,0,0
1/27/21,7,Storage,SUP_E,0,144.94,0,0,0
1/28/21,7,Storage,SUP_E,3,140.36,0,0,0
1/29/21,7,Storage,SUP_E,0,139.83,0,0,0
1/30/21,7,Storage,SUP_E,2,138.59,0,0,0
1/31/21,7,Storage,SUP_E,0,146.36,0,0,0
2/1/21,7,Storage,SUP_E,0,143.63,0,0,0
2/2/21,7,Storage,SUP_E,4,135.03,0,0,0
2/3/21,7,Storage,SUP_E,2,144.68,0,0,0
2/4/21,7,Storage,SUP_E,2,135.98,0,0,0
2/5/21,7,Storage,SUP_E,2,137.5,0,0,0
2/6/21,7,Storage,SUP_E,4,145.72,0,0,0
2/7/21,7,Storage,SUP_E,1,145.82,0,0,0
2/8/21,7,Storage,SUP_E,0,138.5,0,0,0
2/9/21,7,Storage,SUP_E,1,141.13,0,0,0
2/10/21,7,Storage,SUP_E,1,135.11,0,0,0
2/11/21,7,Storage,SUP_E,0,145.34,0,0,0
2/12/21,7,Storage,SUP_E,1,144.15,0,0,0
2/13/21,7,Storage,SUP_E,2,134.11,0,0,0
2/14/21,7,Storage,SUP_E,1,138.73,0,0,0
2/15/21,7,Storage,SUP_E,2,142.84,0,0,0
2/16/21,7,Storage,SUP_E,2,136.5,0,0,0
2/17/21,7,Storage,SUP_E,0,134.24,0,0,0
2/18/21,7,Storage,SUP_E,0,141.52,0,0,0
2/19/21,7,Storage,SUP_E,2,138.77,0,0,0
2/20/21,7,Storage,SUP_E,0,141.49,0,0,0
2/21/21,7,Storage,SUP_E,1,136.47,0,0,0
2/22/21,7,Storage,SUP_E,0,137.6,0,0,0
2/23/21,7,Storage,SUP_E,1,144.05,0,0,0
2/24/21,7,Storage,SUP_E,3,146.78,0,0,0
2/25/21,7,Storage,SUP_E,3,143.39,0,0,0
2/26/21,7,Storage,SUP_E,2,140.28,0,0,0
2/27/21,7,Storage,SUP_E,0,146.68,0,0,0
2/28/21,7,Storage,SUP_E,2,137.67,0,0,0
3/1/21,7,Storage,SUP_E,1,135.57,0,0,0
3/2/21,7,Storage,SUP_E,1,145.33,0,0,0
3/3/21,7,Storage,SUP_E,0,142.08,0,0,0
3/4/21,7,Storage,SUP_E,2,144.64,0,0,0
3/5/21,7,Storage,SUP_E,1,143.15,0,0,0
3/6/21,7,Storage,SUP_E,4,141.86,0,0,0
3/7/21,7,Storage,SUP_E,0,144.78,0,0,0
3/8/21,7,Storage,SUP_E,3,145.54,0,0,0
3/9/21,7,Storage,SUP_E,1,141.18,0,0,0
3/10/21,7,Storage,SUP_E,1,137.34,0,0,0
3/11/21,7,Storage,SUP_E,1,134.75,0,0,0
3/12/21,7,Storage,SUP_E,0,135.54,0,0,0
3/13/21,7,Storage,SUP_E,2,138.29,0,0,0
3/14/21,7,Storage,SUP_E,0,144.95,0,0,0
3/15/21,7,Storage,SUP_E,1,135.48,0,0,0
3/16/21,7,Storage,SUP_E,0,143.4,0,0,0
3/17/21,7,Storage,SUP_E,0,137.01,0,0,0
3/18/21,7,Storage,SUP_E,1,143.83,0,0,0
3/19/21,7,Storage,SUP_E,2,139.19,0,0,0
3/20/21,7,Storage,SUP_E,0,134.11,0,0,0
3/21/21,7,Storage,SUP_E,1,144.23,0,0,0
3/22/21,7,Storage,SUP_E,2,122.21,1,0,0
3/23/21,7,Storage,SUP_E,5,113.89,1,0,0
3/24/21,7,Storage,SUP_E,3,115.18,1,0,0
3/25/21,7,Storage,SUP_E,3,113.56,1,0,0
3/26/21,7,Storage,SUP_E,0,107.6,1,0,0
3/27/21,7,Storage,SUP_E,3,126.17,1,0,0
3/28/21,7,Storage,SUP_E,2,105.09,1,0,0
3/29/21,7,Storage,SUP_E,3,137.32,0,0,0
3/30/21,7,Storage,SUP_E,1,146.38,0,0,0
3/31/21,7,Storage,SUP_E,1,141.48,0,0,0
4/1/21,7,Storage,SUP_E,0,138.77,0,0,0
4/2/21,7,Storage,SUP_E,1,141.31,0,0,0
4/3/21,7,Storage,SUP_E,2,136.15,0,0,0
4/4/21,7,Storage,SUP_E,2,142.33,0,0,0
4/5/21,7,Storage,SUP_E,2,146.54,0,0,0
4/6/21,7,Storage,SUP_E,1,138.85,0,0,0
4/7/21,7,Storage,SUP_E,0,143.1,0,0,0
4/8/21,7,Storage,SUP_E,0,147.29,0,0,0
4/9/21,7,Storage,SUP_E,3,144.45,0,0,0
4/10/21,7,Storage,SUP_E,1,137.92,0,0,0
4/11/21,7,Storage,SUP_E,5,142.29,0,0,0
4/12/21,7,Storage,SUP_E,0,142.32,0,0,0
4/13/21,7,Storage,SUP_E,2,134.93,0,0,0
4/14/21,7,Storage,SUP_E,1,137.55,0,0,0
4/15/21,7,Storage,SUP_E,0,141.16,0,0,0
4/16/21,7,Storage,SUP_E,6,145.55,0,0,0
4/17/21,7,Storage,SUP_E,3,135.48,0,0,0
4/18/21,7,Storage,SUP_E,2,145.23,0,0,0
4/19/21,7,Storage,SUP_E,5,109.96,1,0,0
4/20/21,7,Storage,SUP_E,3,123.5,1,0,0
4/21/21,7,Storage,SUP_E,3,104.51,1,0,0
4/22/21,7,Storage,SUP_E,2,122.1,1,0,0
4/23/21,7,Storage,SUP_E,4,124.14,1,0,0
4/24/21,7,Storage,SUP_E,2,124.47,1,0,0
4/25/21,7,Storage,SUP_E,5,110.27,1,0,0
4/26/21,7,Storage,SUP_E,2,140.3,0,0,0
4/27/21,7,Storage,SUP_E,1,142.14,0,0,0
4/28/21,7,Storage,SUP_E,0,137.09,0,0,0
4/29/21,7,Storage,SUP_E,1,135.25,0,0,0
4/30/21,7,Storage,SUP_E,0,138.54,0,0,0
5/1/21,7,Storage,SUP_E,1,134.99,0,0,0
5/2/21,7,Storage,SUP_E,2,137.64,0,0,0
5/3/21,7,Storage,SUP_E,1,136.69,0,0,0
5/4/21,7,Storage,SUP_E,0,137.61,0,0,0
5/5/21,7,Storage,SUP_E,0,133.77,0,0,0
5/6/21,7,Storage,SUP_E,2,140.98,0,0,0
5/7/21,7,Storage,SUP_E,2,135.25,0,0,0
5/8/21,7,Storage,SUP_E,0,146.23,0,0,0
5/9/21,7,Storage,SUP_E,1,137.97,0,0,0
5/10/21,7,Storage,SUP_E,3,127.82,1,0,0
5/11/21,7,Storage,SUP_E,1,105.09,1,0,0
5/12/21,7,Storage,SUP_E,3,112.32,1,0,0
5/13/21,7,Storage,SUP_E,7,112.68,1,0,0
5/14/21,7,Storage,SUP_E,3,128.69,1,0,0
5/15/21,7,Storage,SUP_E,0,107.95,1,0,0
5/16/21,7,Storage,SUP_E,3,110.02,1,0,0
5/17/21,7,Storage,SUP_E,0,133.65,0,0,0
5/18/21,7,Storage,SUP_E,2,142.8,0,0,0
5/19/21,7,Storage,SUP_E,3,136.41,0,0,0
5/20/21,7,Storage,SUP_E,2,136.74,0,0,0
5/21/21,7,Storage,SUP_E,0,137.27,0,0,0
5/22/21,7,Storage,SUP_E,0,139.19,0,0,0
5/23/21,7,Storage,SUP_E,1,141.45,0,0,0
5/24/21,7,Storage,SUP_E,1,146.15,0,0,0
5/25/21,7,Storage,SUP_E,1,133.83,0,0,0
5/26/21,7,Storage,SUP_E,0,135.52,0,0,0
5/27/21,7,Storage,SUP_E,1,143.59,0,0,0
5/28/21,7,Storage,SUP_E,2,135.36,0,0,0
5/29/21,7,Storage,SUP_E,1,134.63,0,0,0
5/30/21,7,Storage,SUP_E,1,140.4,0,0,0
5/31/21,7,Storage,SUP_E,1,139.71,0,0,0
6/1/21,7,Storage,SUP_E,0,134.92,0,0,0
6/2/21,7,Storage,SUP_E,0,137.16,0,0,0
6/3/21,7,Storage,SUP_E,0,136.61,0,0,0
6/4/21,7,Storage,SUP_E,1,140.3,0,0,0
6/5/21,7,Storage,SUP_E,4,134.22,0,0,0
6/6/21,7,Storage,SUP_E,1,137.81,0,0,0
6/7/21,7,Storage,SUP_E,1,142.1,0,0,0
6/8/21,7,Storage,SUP_E,1,145.71,0,0,0
6/9/21,7,Storage,SUP_E,2,142.46,0,0,0
6/10/21,7,Storage,SUP_E,1,141.48,0,0,0
6/11/21,7,Storage,SUP_E,3,136.12,0,0,0
6/12/21,7,Storage,SUP_E,2,145.55,0,0,0
6/13/21,7,Storage,SUP_E,2,143.9,0,0,0
6/14/21,7,Storage,SUP_E,1,144.94,0,0,0
6/15/21,7,Storage,SUP_E,1,141.97,0,0,0
6/16/21,7,Storage,SUP_E,1,141.65,0,0,0
6/17/21,7,Storage,SUP_E,0,134.55,0,0,0
6/18/21,7,Storage,SUP_E,0,146.03,0,0,0
6/19/21,7,Storage,SUP_E,0,147.26,0,0,0
6/20/21,7,Storage,SUP_E,1,144.06,0,0,0
6/21/21,7,Storage,SUP_E,1,139.16,0,0,0
6/22/21,7,Storage,SUP_E,0,146.64,0,0,0
6/23/21,7,Storage,SUP_E,0,139.6,0,0,0
6/24/21,7,Storage,SUP_E,0,133.75,0,0,0
6/25/21,7,Storage,SUP_E,1,140.41,0,0,0
6/26/21,7,Storage,SUP_E,4,137.62,0,0,0
6/27/21,7,Storage,SUP_E,4,139.91,0,0,0
6/28/21,7,Storage,SUP_E,0,140.16,0,0,0
6/29/21,7,Storage,SUP_E,2,142.99,0,0,0
6/30/21,7,Storage,SUP_E,2,137.7,0,0,0
7/1/21,7,Storage,SUP_E,3,141.38,0,0,0
7/2/21,7,Storage,SUP_E,1,137.66,0,0,0
7/3/21,7,Storage,SUP_E,2,137.23,0,0,0
7/4/21,7,Storage,SUP_E,1,147.43,0,0,0
7/5/21,7,Storage,SUP_E,0,137.74,0,0,0
7/6/21,7,Storage,SUP_E,0,144.66,0,0,0
7/7/21,7,Storage,SUP_E,1,137.41,0,0,0
7/8/21,7,Storage,SUP_E,2,142.12,0,0,0
7/9/21,7,Storage,SUP_E,3,139.07,0,0,0
7/10/21,7,Storage,SUP_E,1,141.84,0,0,0
7/11/21,7,Storage,SUP_E,2,142.38,0,0,0
7/12/21,7,Storage,SUP_E,2,114.47,1,0,0
7/13/21,7,Storage,SUP_E,0,99.71,1,0,0
7/14/21,7,Storage,SUP_E,1,100.88,1,0,0
7/15/21,7,Storage,SUP_E,2,103.91,1,0,0
7/16/21,7,Storage,SUP_E,5,100.21,1,0,0
7/17/21,7,Storage,SUP_E,3,106.16,1,0,0
7/18/21,7,Storage,SUP_E,1,115.27,1,0,0
7/19/21,7,Storage,SUP_E,1,145.26,0,0,0
7/20/21,7,Storage,SUP_E,3,144.43,0,0,0
7/21/21,7,Storage,SUP_E,0,139.13,0,0,0
7/22/21,7,Storage,SUP_E,3,136.88,0,0,0
7/23/21,7,Storage,SUP_E,0,140.12,0,0,0
7/24/21,7,Storage,SUP_E,2,137.64,0,0,0
7/25/21,7,Storage,SUP_E,0,138.26,0,0,0
7/26/21,7,Storage,SUP_E,1,139.99,0,0,0
7/27/21,7,Storage,SUP_E,0,136.15,0,0,0
7/28/21,7,Storage,SUP_E,1,139.71,0,0,0
7/29/21,7,Storage,SUP_E,0,140.86,0,0,0
7/30/21,7,Storage,SUP_E,1,135.81,0,0,0
7/31/21,7,Storage,SUP_E,1,134.08,0,0,0
8/1/21,7,Storage,SUP_E,4,138.05,0,0,0
8/2/21,7,Storage,SUP_E,1,115.35,1,0,0
8/3/21,7,Storage,SUP_E,0,118.93,1,0,0
8/4/21,7,Storage,SUP_E,2,116.15,1,0,0
8/5/21,7,Storage,SUP_E,1,116.45,1,0,0
8/6/21,7,Storage,SUP_E,0,117.3,1,0,0
8/7/21,7,Storage,SUP_E,0,122.34,1,0,0
8/8/21,7,Storage,SUP_E,1,99.85,1,0,0
8/9/21,7,Storage,SUP_E,1,133.66,0,0,0
8/10/21,7,Storage,SUP_E,2,134.88,0,0,0
8/11/21,7,Storage,SUP_E,1,143.25,0,0,0
8/12/21,7,Storage,SUP_E,1,137.77,0,0,0
8/13/21,7,Storage,SUP_E,1,146.25,0,0,0
8/14/21,7,Storage,SUP_E,1,147.16,0,0,0
8/15/21,7,Storage,SUP_E,2,139.01,0,0,0
8/16/21,7,Storage,SUP_E,3,138.24,0,0,0
8/17/21,7,Storage,SUP_E,2,145.89,0,0,0
8/18/21,7,Storage,SUP_E,2,142.45,0,0,0
8/19/21,7,Storage,SUP_E,1,139.75,0,0,0
8/20/21,7,Storage,SUP_E,1,143.65,0,0,0
