Sales_History.csv
date,sku_id,category,supplier_id,units_sold,price,promo_flag,is_black_friday_week,is_christmas_peak
8/21/21,7,Storage,SUP_E,1,139.81,0,0,0
8/22/21,7,Storage,SUP_E,3,137.1,0,0,0
8/23/21,7,Storage,SUP_E,0,145.93,0,0,0
8/24/21,7,Storage,SUP_E,0,137.19,0,0,0
8/25/21,7,Storage,SUP_E,1,141,0,0,0
8/26/21,7,Storage,SUP_E,1,143.45,0,0,0
8/27/21,7,Storage,SUP_E,1,144.42,0,0,0
8/28/21,7,Storage,SUP_E,1,147.05,0,0,0
8/29/21,7,Storage,SUP_E,1,136.96,0,0,0
8/30/21,7,Storage,SUP_E,1,146.34,0,0,0
8/31/21,7,Storage,SUP_E,0,138.46,0,0,0
9/1/21,7,Storage,SUP_E,2,135.64,0,0,0
9/2/21,7,Storage,SUP_E,0,135.36,0,0,0
9/3/21,7,Storage,SUP_E,1,136.67,0,0,0
9/4/21,7,Storage,SUP_E,0,142.87,0,0,0
9/5/21,7,Storage,SUP_E,1,138.25,0,0,0
9/6/21,7,Storage,SUP_E,1,146.73,0,0,0
9/7/21,7,Storage,SUP_E,1,138.38,0,0,0
9/8/21,7,Storage,SUP_E,1,140.61,0,0,0
9/9/21,7,Storage,SUP_E,1,139.09,0,0,0
9/10/21,7,Storage,SUP_E,0,142.77,0,0,0
9/11/21,7,Storage,SUP_E,4,141.07,0,0,0
9/12/21,7,Storage,SUP_E,3,136.95,0,0,0
9/13/21,7,Storage,SUP_E,1,138,0,0,0
9/14/21,7,Storage,SUP_E,1,146.53,0,0,0
9/15/21,7,Storage,SUP_E,0,145.4,0,0,0
9/16/21,7,Storage,SUP_E,3,142.28,0,0,0
9/17/21,7,Storage,SUP_E,1,134.51,0,0,0
9/18/21,7,Storage,SUP_E,2,145.02,0,0,0
9/19/21,7,Storage,SUP_E,3,135.55,0,0,0
9/20/21,7,Storage,SUP_E,1,142.93,0,0,0
9/21/21,7,Storage,SUP_E,0,144.38,0,0,0
9/22/21,7,Storage,SUP_E,2,138.83,0,0,0
9/23/21,7,Storage,SUP_E,0,135.45,0,0,0
9/24/21,7,Storage,SUP_E,2,135.66,0,0,0
9/25/21,7,Storage,SUP_E,3,142.18,0,0,0
9/26/21,7,Storage,SUP_E,0,139.87,0,0,0
9/27/21,7,Storage,SUP_E,1,141.01,0,0,0
9/28/21,7,Storage,SUP_E,1,147.22,0,0,0
9/29/21,7,Storage,SUP_E,1,134.43,0,0,0
9/30/21,7,Storage,SUP_E,2,140.55,0,0,0
10/1/21,7,Storage,SUP_E,1,144.78,0,0,0
10/2/21,7,Storage,SUP_E,0,145.72,0,0,0
10/3/21,7,Storage,SUP_E,0,137.53,0,0,0
10/4/21,7,Storage,SUP_E,3,133.89,0,0,0
10/5/21,7,Storage,SUP_E,3,143.99,0,0,0
10/6/21,7,Storage,SUP_E,3,142.01,0,0,0
10/7/21,7,Storage,SUP_E,2,139.85,0,0,0
10/8/21,7,Storage,SUP_E,4,136.88,0,0,0
10/9/21,7,Storage,SUP_E,0,143.33,0,0,0
10/10/21,7,Storage,SUP_E,3,133.77,0,0,0
10/11/21,7,Storage,SUP_E,2,146.24,0,0,0
10/12/21,7,Storage,SUP_E,2,140.63,0,0,0
10/13/21,7,Storage,SUP_E,1,143.92,0,0,0
10/14/21,7,Storage,SUP_E,3,142.82,0,0,0
10/15/21,7,Storage,SUP_E,1,137.62,0,0,0
10/16/21,7,Storage,SUP_E,6,145.66,0,0,0
10/17/21,7,Storage,SUP_E,3,144.35,0,0,0
10/18/21,7,Storage,SUP_E,1,147.29,0,0,0
10/19/21,7,Storage,SUP_E,5,136.66,0,0,0
10/20/21,7,Storage,SUP_E,2,135.59,0,0,0
10/21/21,7,Storage,SUP_E,5,141.37,0,0,0
10/22/21,7,Storage,SUP_E,1,141.76,0,0,0
10/23/21,7,Storage,SUP_E,1,143.27,0,0,0
10/24/21,7,Storage,SUP_E,2,139,0,0,0
10/25/21,7,Storage,SUP_E,1,144.93,0,0,0
10/26/21,7,Storage,SUP_E,3,138.67,0,0,0
10/27/21,7,Storage,SUP_E,4,133.81,0,0,0
10/28/21,7,Storage,SUP_E,2,140.34,0,0,0
10/29/21,7,Storage,SUP_E,6,144.93,0,0,0
10/30/21,7,Storage,SUP_E,3,134.84,0,0,0
10/31/21,7,Storage,SUP_E,1,139.46,0,0,0
11/1/21,7,Storage,SUP_E,3,151.88,0,0,0
11/2/21,7,Storage,SUP_E,3,142.24,0,0,0
11/3/21,7,Storage,SUP_E,1,148.87,0,0,0
11/4/21,7,Storage,SUP_E,3,147.89,0,0,0
11/5/21,7,Storage,SUP_E,3,146.86,0,0,0
11/6/21,7,Storage,SUP_E,1,146,0,0,0
11/7/21,7,Storage,SUP_E,1,153.33,0,0,0
11/8/21,7,Storage,SUP_E,2,146.91,0,0,0
11/9/21,7,Storage,SUP_E,4,144.68,0,0,0
11/10/21,7,Storage,SUP_E,3,148.02,0,0,0
11/11/21,7,Storage,SUP_E,3,148.16,0,0,0
11/12/21,7,Storage,SUP_E,3,150.01,0,0,0
11/13/21,7,Storage,SUP_E,5,152.85,0,0,0
11/14/21,7,Storage,SUP_E,5,144.86,0,0,0
11/15/21,7,Storage,SUP_E,1,150.39,0,0,0
11/16/21,7,Storage,SUP_E,2,143.48,0,0,0
11/17/21,7,Storage,SUP_E,2,149.27,0,0,0
11/18/21,7,Storage,SUP_E,1,151.75,0,0,0
11/19/21,7,Storage,SUP_E,0,141.09,0,0,0
11/20/21,7,Storage,SUP_E,1,154.45,0,0,0
11/21/21,7,Storage,SUP_E,2,150.44,0,0,0
11/22/21,7,Storage,SUP_E,3,146.66,0,1,0
11/23/21,7,Storage,SUP_E,3,151.77,0,1,0
11/24/21,7,Storage,SUP_E,2,147.29,0,1,0
11/25/21,7,Storage,SUP_E,5,142.3,0,1,0
11/26/21,7,Storage,SUP_E,4,149.47,0,1,0
11/27/21,7,Storage,SUP_E,4,153.8,0,1,0
11/28/21,7,Storage,SUP_E,1,152.14,0,1,0
11/29/21,7,Storage,SUP_E,3,146.64,0,1,0
11/30/21,7,Storage,SUP_E,3,144.83,0,1,0
12/1/21,7,Storage,SUP_E,2,141.58,0,0,1
12/2/21,7,Storage,SUP_E,1,150.17,0,0,1
12/3/21,7,Storage,SUP_E,0,151.87,0,0,1
12/4/21,7,Storage,SUP_E,2,143.84,0,0,1
12/5/21,7,Storage,SUP_E,4,145.8,0,0,1
12/6/21,7,Storage,SUP_E,1,141.5,0,0,1
12/7/21,7,Storage,SUP_E,2,154.6,0,0,1
12/8/21,7,Storage,SUP_E,1,142.5,0,0,1
12/9/21,7,Storage,SUP_E,5,153.82,0,0,1
12/10/21,7,Storage,SUP_E,2,152.19,0,0,1
12/11/21,7,Storage,SUP_E,3,140.79,0,0,1
12/12/21,7,Storage,SUP_E,1,154.45,0,0,1
12/13/21,7,Storage,SUP_E,2,154.17,0,0,1
12/14/21,7,Storage,SUP_E,4,148.24,0,0,1
12/15/21,7,Storage,SUP_E,2,151.7,0,0,1
12/16/21,7,Storage,SUP_E,1,147.32,0,0,1
12/17/21,7,Storage,SUP_E,3,145.61,0,0,1
12/18/21,7,Storage,SUP_E,3,144.33,0,0,1
12/19/21,7,Storage,SUP_E,0,146.64,0,0,1
12/20/21,7,Storage,SUP_E,4,111.65,1,0,1
12/21/21,7,Storage,SUP_E,4,114.48,1,0,1
12/22/21,7,Storage,SUP_E,1,132.57,1,0,1
12/23/21,7,Storage,SUP_E,3,123.79,1,0,1
12/24/21,7,Storage,SUP_E,2,126.23,1,0,1
12/25/21,7,Storage,SUP_E,7,103.39,1,0,0
12/26/21,7,Storage,SUP_E,3,105.9,1,0,0
12/27/21,7,Storage,SUP_E,4,130.52,1,0,0
12/28/21,7,Storage,SUP_E,3,114.14,1,0,0
12/29/21,7,Storage,SUP_E,2,129.29,1,0,0
12/30/21,7,Storage,SUP_E,4,132.27,1,0,0
12/31/21,7,Storage,SUP_E,3,137.21,1,0,0
1/1/22,7,Storage,SUP_E,3,137.31,0,0,0
1/2/22,7,Storage,SUP_E,3,143.76,0,0,0
1/3/22,7,Storage,SUP_E,2,146.97,0,0,0
1/4/22,7,Storage,SUP_E,3,141.29,0,0,0
1/5/22,7,Storage,SUP_E,0,137.56,0,0,0
1/6/22,7,Storage,SUP_E,2,146.6,0,0,0
1/7/22,7,Storage,SUP_E,0,136.09,0,0,0
1/8/22,7,Storage,SUP_E,0,138.37,0,0,0
1/9/22,7,Storage,SUP_E,1,139.15,0,0,0
1/10/22,7,Storage,SUP_E,3,143.2,0,0,0
1/11/22,7,Storage,SUP_E,2,147.62,0,0,0
1/12/22,7,Storage,SUP_E,1,144.44,0,0,0
1/13/22,7,Storage,SUP_E,2,141.27,0,0,0
1/14/22,7,Storage,SUP_E,4,142.32,0,0,0
1/15/22,7,Storage,SUP_E,1,145.63,0,0,0
1/16/22,7,Storage,SUP_E,1,146.95,0,0,0
1/17/22,7,Storage,SUP_E,2,146.28,0,0,0
1/18/22,7,Storage,SUP_E,1,146.13,0,0,0
1/19/22,7,Storage,SUP_E,2,142.6,0,0,0
1/20/22,7,Storage,SUP_E,0,142.21,0,0,0
1/21/22,7,Storage,SUP_E,1,137.91,0,0,0
1/22/22,7,Storage,SUP_E,0,135.87,0,0,0
1/23/22,7,Storage,SUP_E,2,136.99,0,0,0
1/24/22,7,Storage,SUP_E,2,120.1,1,0,0
1/25/22,7,Storage,SUP_E,1,117.83,1,0,0
1/26/22,7,Storage,SUP_E,1,121.38,1,0,0
1/27/22,7,Storage,SUP_E,2,119.81,1,0,0
1/28/22,7,Storage,SUP_E,1,119.4,1,0,0
1/29/22,7,Storage,SUP_E,2,115.04,1,0,0
1/30/22,7,Storage,SUP_E,4,110.41,1,0,0
1/31/22,7,Storage,SUP_E,2,137.9,0,0,0
2/1/22,7,Storage,SUP_E,1,146.74,0,0,0
2/2/22,7,Storage,SUP_E,1,142.47,0,0,0
2/3/22,7,Storage,SUP_E,1,142.84,0,0,0
2/4/22,7,Storage,SUP_E,1,135.26,0,0,0
2/5/22,7,Storage,SUP_E,1,134.76,0,0,0
2/6/22,7,Storage,SUP_E,3,138.29,0,0,0
2/7/22,7,Storage,SUP_E,1,146.92,0,0,0
2/8/22,7,Storage,SUP_E,3,134.52,0,0,0
2/9/22,7,Storage,SUP_E,1,147.41,0,0,0
2/10/22,7,Storage,SUP_E,1,143.75,0,0,0
2/11/22,7,Storage,SUP_E,0,147.39,0,0,0
2/12/22,7,Storage,SUP_E,4,144.2,0,0,0
2/13/22,7,Storage,SUP_E,3,135.38,0,0,0
2/14/22,7,Storage,SUP_E,1,121.69,1,0,0
2/15/22,7,Storage,SUP_E,2,101.05,1,0,0
2/16/22,7,Storage,SUP_E,4,122.31,1,0,0
2/17/22,7,Storage,SUP_E,1,103.54,1,0,0
2/18/22,7,Storage,SUP_E,1,103.61,1,0,0
2/19/22,7,Storage,SUP_E,4,97.7,1,0,0
2/20/22,7,Storage,SUP_E,1,116.54,1,0,0
2/21/22,7,Storage,SUP_E,1,142.71,0,0,0
2/22/22,7,Storage,SUP_E,1,136.33,0,0,0
2/23/22,7,Storage,SUP_E,2,133.9,0,0,0
2/24/22,7,Storage,SUP_E,1,144.53,0,0,0
2/25/22,7,Storage,SUP_E,1,142.57,0,0,0
2/26/22,7,Storage,SUP_E,2,138.82,0,0,0
2/27/22,7,Storage,SUP_E,2,140.28,0,0,0
2/28/22,7,Storage,SUP_E,1,135.57,0,0,0
3/1/22,7,Storage,SUP_E,2,134.55,0,0,0
3/2/22,7,Storage,SUP_E,2,139.47,0,0,0
3/3/22,7,Storage,SUP_E,0,138.93,0,0,0
3/4/22,7,Storage,SUP_E,2,134.94,0,0,0
3/5/22,7,Storage,SUP_E,0,141.04,0,0,0
3/6/22,7,Storage,SUP_E,1,141.44,0,0,0
3/7/22,7,Storage,SUP_E,3,137.47,0,0,0
3/8/22,7,Storage,SUP_E,0,137.04,0,0,0
3/9/22,7,Storage,SUP_E,0,135.16,0,0,0
3/10/22,7,Storage,SUP_E,1,140.95,0,0,0
3/11/22,7,Storage,SUP_E,4,138.97,0,0,0
3/12/22,7,Storage,SUP_E,1,143.05,0,0,0
3/13/22,7,Storage,SUP_E,4,141.08,0,0,0
3/14/22,7,Storage,SUP_E,1,145.89,0,0,0
3/15/22,7,Storage,SUP_E,1,143.65,0,0,0
3/16/22,7,Storage,SUP_E,1,134.98,0,0,0
3/17/22,7,Storage,SUP_E,0,138.52,0,0,0
3/18/22,7,Storage,SUP_E,3,140.99,0,0,0
3/19/22,7,Storage,SUP_E,3,135.98,0,0,0
3/20/22,7,Storage,SUP_E,1,140.01,0,0,0
3/21/22,7,Storage,SUP_E,1,142.56,0,0,0
3/22/22,7,Storage,SUP_E,3,133.81,0,0,0
3/23/22,7,Storage,SUP_E,0,133.75,0,0,0
3/24/22,7,Storage,SUP_E,1,135.19,0,0,0
3/25/22,7,Storage,SUP_E,1,147.57,0,0,0
3/26/22,7,Storage,SUP_E,2,140.47,0,0,0
3/27/22,7,Storage,SUP_E,1,138.98,0,0,0
3/28/22,7,Storage,SUP_E,1,144.45,0,0,0
3/29/22,7,Storage,SUP_E,2,139.53,0,0,0
3/30/22,7,Storage,SUP_E,2,142.46,0,0,0
3/31/22,7,Storage,SUP_E,0,141.82,0,0,0
4/1/22,7,Storage,SUP_E,0,136.6,0,0,0
4/2/22,7,Storage,SUP_E,1,144.41,0,0,0
4/3/22,7,Storage,SUP_E,0,146.5,0,0,0
4/4/22,7,Storage,SUP_E,1,106.3,1,0,0
4/5/22,7,Storage,SUP_E,2,110.75,1,0,0
4/6/22,7,Storage,SUP_E,1,120.02,1,0,0
4/7/22,7,Storage,SUP_E,1,123.58,1,0,0
4/8/22,7,Storage,SUP_E,1,114.62,1,0,0
4/9/22,7,Storage,SUP_E,0,100.91,1,0,0
4/10/22,7,Storage,SUP_E,3,107.93,1,0,0
4/11/22,7,Storage,SUP_E,2,137.97,0,0,0
4/12/22,7,Storage,SUP_E,0,134.39,0,0,0
4/13/22,7,Storage,SUP_E,2,140.96,0,0,0
4/14/22,7,Storage,SUP_E,0,141.37,0,0,0
4/15/22,7,Storage,SUP_E,0,139.49,0,0,0
4/16/22,7,Storage,SUP_E,1,137.62,0,0,0
4/17/22,7,Storage,SUP_E,0,139.81,0,0,0
4/18/22,7,Storage,SUP_E,1,143.01,0,0,0
4/19/22,7,Storage,SUP_E,1,137.14,0,0,0
4/20/22,7,Storage,SUP_E,2,140,0,0,0
4/21/22,7,Storage,SUP_E,3,144.45,0,0,0
4/22/22,7,Storage,SUP_E,4,141.37,0,0,0
4/23/22,7,Storage,SUP_E,0,147.57,0,0,0
4/24/22,7,Storage,SUP_E,1,137.43,0,0,0
4/25/22,7,Storage,SUP_E,0,146.84,0,0,0
4/26/22,7,Storage,SUP_E,0,145.75,0,0,0
4/27/22,7,Storage,SUP_E,1,144.43,0,0,0
4/28/22,7,Storage,SUP_E,4,143.68,0,0,0
4/29/22,7,Storage,SUP_E,0,138.47,0,0,0
4/30/22,7,Storage,SUP_E,3,141,0,0,0
5/1/22,7,Storage,SUP_E,0,135.85,0,0,0
5/2/22,7,Storage,SUP_E,0,142.54,0,0,0
5/3/22,7,Storage,SUP_E,0,147.26,0,0,0
5/4/22,7,Storage,SUP_E,1,145.16,0,0,0
5/5/22,7,Storage,SUP_E,0,141.7,0,0,0
5/6/22,7,Storage,SUP_E,2,139.5,0,0,0
5/7/22,7,Storage,SUP_E,2,136.63,0,0,0
5/8/22,7,Storage,SUP_E,3,140.88,0,0,0
5/9/22,7,Storage,SUP_E,0,139.78,0,0,0
5/10/22,7,Storage,SUP_E,1,139.63,0,0,0
5/11/22,7,Storage,SUP_E,2,139.45,0,0,0
5/12/22,7,Storage,SUP_E,2,134.45,0,0,0
5/13/22,7,Storage,SUP_E,1,146.2,0,0,0
5/14/22,7,Storage,SUP_E,3,144.62,0,0,0
5/15/22,7,Storage,SUP_E,0,147.48,0,0,0
5/16/22,7,Storage,SUP_E,3,147.46,0,0,0
5/17/22,7,Storage,SUP_E,3,144.1,0,0,0
5/18/22,7,Storage,SUP_E,1,143.02,0,0,0
5/19/22,7,Storage,SUP_E,0,141.06,0,0,0
5/20/22,7,Storage,SUP_E,2,143.73,0,0,0
5/21/22,7,Storage,SUP_E,3,144.92,0,0,0
5/22/22,7,Storage,SUP_E,1,147.5,0,0,0
5/23/22,7,Storage,SUP_E,1,146.11,0,0,0
5/24/22,7,Storage,SUP_E,2,141.7,0,0,0
5/25/22,7,Storage,SUP_E,4,144.66,0,0,0
5/26/22,7,Storage,SUP_E,2,139.98,0,0,0
5/27/22,7,Storage,SUP_E,1,140.02,0,0,0
5/28/22,7,Storage,SUP_E,3,142.95,0,0,0
5/29/22,7,Storage,SUP_E,3,137,0,0,0
5/30/22,7,Storage,SUP_E,3,115.14,1,0,0
5/31/22,7,Storage,SUP_E,0,99.89,1,0,0
6/1/22,7,Storage,SUP_E,1,126.21,1,0,0
6/2/22,7,Storage,SUP_E,1,104.1,1,0,0
6/3/22,7,Storage,SUP_E,3,105.81,1,0,0
6/4/22,7,Storage,SUP_E,1,121.85,1,0,0
6/5/22,7,Storage,SUP_E,1,98.74,1,0,0
6/6/22,7,Storage,SUP_E,3,146.11,0,0,0
6/7/22,7,Storage,SUP_E,0,135.4,0,0,0
6/8/22,7,Storage,SUP_E,2,145.44,0,0,0
6/9/22,7,Storage,SUP_E,0,137.29,0,0,0
6/10/22,7,Storage,SUP_E,2,141.13,0,0,0
6/11/22,7,Storage,SUP_E,1,144.01,0,0,0
6/12/22,7,Storage,SUP_E,1,141.88,0,0,0
6/13/22,7,Storage,SUP_E,3,143.17,0,0,0
6/14/22,7,Storage,SUP_E,0,134.96,0,0,0
6/15/22,7,Storage,SUP_E,0,137.45,0,0,0
6/16/22,7,Storage,SUP_E,1,134.31,0,0,0
6/17/22,7,Storage,SUP_E,0,140.46,0,0,0
6/18/22,7,Storage,SUP_E,0,146.88,0,0,0
6/19/22,7,Storage,SUP_E,0,143.47,0,0,0
6/20/22,7,Storage,SUP_E,3,135.64,0,0,0
6/21/22,7,Storage,SUP_E,0,145,0,0,0
6/22/22,7,Storage,SUP_E,1,144.9,0,0,0
6/23/22,7,Storage,SUP_E,1,144.69,0,0,0
6/24/22,7,Storage,SUP_E,0,143.52,0,0,0
6/25/22,7,Storage,SUP_E,1,138.58,0,0,0
6/26/22,7,Storage,SUP_E,1,146.31,0,0,0
6/27/22,7,Storage,SUP_E,2,137.89,0,0,0
6/28/22,7,Storage,SUP_E,0,140.13,0,0,0
6/29/22,7,Storage,SUP_E,1,145.76,0,0,0
6/30/22,7,Storage,SUP_E,1,144.84,0,0,0
7/1/22,7,Storage,SUP_E,0,147.66,0,0,0
7/2/22,7,Storage,SUP_E,0,139.44,0,0,0
7/3/22,7,Storage,SUP_E,1,140.94,0,0,0
7/4/22,7,Storage,SUP_E,1,103.97,1,0,0
7/5/22,7,Storage,SUP_E,1,109.75,1,0,0
7/6/22,7,Storage,SUP_E,0,108.52,1,0,0
7/7/22,7,Storage,SUP_E,2,117.64,1,0,0
7/8/22,7,Storage,SUP_E,1,125.27,1,0,0
7/9/22,7,Storage,SUP_E,2,108.86,1,0,0
7/10/22,7,Storage,SUP_E,1,125.03,1,0,0
7/11/22,7,Storage,SUP_E,0,139.65,0,0,0
7/12/22,7,Storage,SUP_E,0,144.98,0,0,0
7/13/22,7,Storage,SUP_E,1,137.4,0,0,0
7/14/22,7,Storage,SUP_E,0,145.02,0,0,0
7/15/22,7,Storage,SUP_E,0,140.88,0,0,0
7/16/22,7,Storage,SUP_E,0,144.55,0,0,0
7/17/22,7,Storage,SUP_E,2,141.06,0,0,0
7/18/22,7,Storage,SUP_E,1,138.41,0,0,0
7/19/22,7,Storage,SUP_E,2,133.9,0,0,0
7/20/22,7,Storage,SUP_E,4,147.46,0,0,0
7/21/22,7,Storage,SUP_E,0,144.13,0,0,0
7/22/22,7,Storage,SUP_E,2,144.79,0,0,0
7/23/22,7,Storage,SUP_E,1,143.73,0,0,0
7/24/22,7,Storage,SUP_E,0,138.12,0,0,0
7/25/22,7,Storage,SUP_E,1,135.98,0,0,0
7/26/22,7,Storage,SUP_E,1,147.19,0,0,0
7/27/22,7,Storage,SUP_E,3,146.3,0,0,0
7/28/22,7,Storage,SUP_E,2,142.17,0,0,0
7/29/22,7,Storage,SUP_E,1,134.06,0,0,0
7/30/22,7,Storage,SUP_E,2,146.59,0,0,0
7/31/22,7,Storage,SUP_E,0,138.71,0,0,0
8/1/22,7,Storage,SUP_E,0,108.31,1,0,0
8/2/22,7,Storage,SUP_E,0,99.39,1,0,0
8/3/22,7,Storage,SUP_E,0,119.09,1,0,0
8/4/22,7,Storage,SUP_E,2,104.75,1,0,0
8/5/22,7,Storage,SUP_E,2,116.93,1,0,0
8/6/22,7,Storage,SUP_E,1,104.01,1,0,0
8/7/22,7,Storage,SUP_E,2,109.49,1,0,0
8/8/22,7,Storage,SUP_E,1,143.59,0,0,0
8/9/22,7,Storage,SUP_E,1,136.16,0,0,0
8/10/22,7,Storage,SUP_E,0,136.73,0,0,0
8/11/22,7,Storage,SUP_E,0,139.33,0,0,0
8/12/22,7,Storage,SUP_E,1,136.69,0,0,0
8/13/22,7,Storage,SUP_E,1,140.09,0,0,0
8/14/22,7,Storage,SUP_E,2,144.61,0,0,0
8/15/22,7,Storage,SUP_E,0,111.09,1,0,0
8/16/22,7,Storage,SUP_E,3,105.74,1,0,0
8/17/22,7,Storage,SUP_E,1,123.35,1,0,0
8/18/22,7,Storage,SUP_E,2,126.51,1,0,0
8/19/22,7,Storage,SUP_E,0,103.64,1,0,0
8/20/22,7,Storage,SUP_E,0,126.21,1,0,0
8/21/22,7,Storage,SUP_E,0,127.52,1,0,0
8/22/22,7,Storage,SUP_E,0,145.9,0,0,0
8/23/22,7,Storage,SUP_E,3,139.74,0,0,0
8/24/22,7,Storage,SUP_E,0,139.87,0,0,0
8/25/22,7,Storage,SUP_E,1,141.86,0,0,0
8/26/22,7,Storage,SUP_E,2,146.53,0,0,0
8/27/22,7,Storage,SUP_E,2,146.93,0,0,0
8/28/22,7,Storage,SUP_E,1,146.33,0,0,0
8/29/22,7,Storage,SUP_E,1,145.02,0,0,0
8/30/22,7,Storage,SUP_E,0,144.9,0,0,0
8/31/22,7,Storage,SUP_E,0,134.81,0,0,0
9/1/22,7,Storage,SUP_E,2,145.82,0,0,0
9/2/22,7,Storage,SUP_E,1,146.92,0,0,0
9/3/22,7,Storage,SUP_E,3,140.21,0,0,0
9/4/22,7,Storage,SUP_E,3,145.3,0,0,0
9/5/22,7,Storage,SUP_E,1,142.55,0,0,0
9/6/22,7,Storage,SUP_E,0,138.15,0,0,0
9/7/22,7,Storage,SUP_E,2,137.03,0,0,0
9/8/22,7,Storage,SUP_E,1,142.73,0,0,0
9/9/22,7,Storage,SUP_E,3,141.86,0,0,0
9/10/22,7,Storage,SUP_E,1,140.79,0,0,0
9/11/22,7,Storage,SUP_E,0,137.86,0,0,0
9/12/22,7,Storage,SUP_E,3,134.26,0,0,0
9/13/22,7,Storage,SUP_E,1,144.61,0,0,0
9/14/22,7,Storage,SUP_E,3,134.43,0,0,0
9/15/22,7,Storage,SUP_E,0,142.54,0,0,0
9/16/22,7,Storage,SUP_E,2,133.87,0,0,0
9/17/22,7,Storage,SUP_E,2,147.52,0,0,0
9/18/22,7,Storage,SUP_E,2,145.84,0,0,0
9/19/22,7,Storage,SUP_E,1,144.08,0,0,0
9/20/22,7,Storage,SUP_E,1,134.69,0,0,0
9/21/22,7,Storage,SUP_E,3,135,0,0,0
9/22/22,7,Storage,SUP_E,0,139.02,0,0,0
9/23/22,7,Storage,SUP_E,3,145.13,0,0,0
9/24/22,7,Storage,SUP_E,2,139.8,0,0,0
9/25/22,7,Storage,SUP_E,3,143.28,0,0,0
9/26/22,7,Storage,SUP_E,1,138.9,0,0,0
9/27/22,7,Storage,SUP_E,1,137.7,0,0,0
9/28/22,7,Storage,SUP_E,3,144.67,0,0,0
9/29/22,7,Storage,SUP_E,2,134.2,0,0,0
9/30/22,7,Storage,SUP_E,0,137.67,0,0,0
10/1/22,7,Storage,SUP_E,3,135.26,0,0,0
10/2/22,7,Storage,SUP_E,3,146.65,0,0,0
10/3/22,7,Storage,SUP_E,3,146.66,0,0,0
10/4/22,7,Storage,SUP_E,1,136.58,0,0,0
10/5/22,7,Storage,SUP_E,2,140.78,0,0,0
10/6/22,7,Storage,SUP_E,3,143.23,0,0,0
10/7/22,7,Storage,SUP_E,2,137.77,0,0,0
10/8/22,7,Storage,SUP_E,4,146.32,0,0,0
10/9/22,7,Storage,SUP_E,2,143.27,0,0,0
10/10/22,7,Storage,SUP_E,2,145.87,0,0,0
10/11/22,7,Storage,SUP_E,4,137.67,0,0,0
10/12/22,7,Storage,SUP_E,2,136.28,0,0,0
10/13/22,7,Storage,SUP_E,0,135.71,0,0,0
10/14/22,7,Storage,SUP_E,2,139.69,0,0,0
10/15/22,7,Storage,SUP_E,4,136.36,0,0,0
10/16/22,7,Storage,SUP_E,1,140.77,0,0,0
10/17/22,7,Storage,SUP_E,3,136.08,0,0,0
10/18/22,7,Storage,SUP_E,2,142.92,0,0,0
10/19/22,7,Storage,SUP_E,2,141.36,0,0,0
10/20/22,7,Storage,SUP_E,3,139.36,0,0,0
10/21/22,7,Storage,SUP_E,4,141.12,0,0,0
10/22/22,7,Storage,SUP_E,2,142.83,0,0,0
10/23/22,7,Storage,SUP_E,4,139.45,0,0,0
10/24/22,7,Storage,SUP_E,1,138.97,0,0,0
10/25/22,7,Storage,SUP_E,2,142.4,0,0,0
10/26/22,7,Storage,SUP_E,3,134.53,0,0,0
10/27/22,7,Storage,SUP_E,7,135.23,0,0,0
10/28/22,7,Storage,SUP_E,2,141.14,0,0,0
10/29/22,7,Storage,SUP_E,2,133.93,0,0,0
10/30/22,7,Storage,SUP_E,2,144,0,0,0
10/31/22,7,Storage,SUP_E,4,137.99,0,0,0
11/1/22,7,Storage,SUP_E,5,148.82,0,0,0
11/2/22,7,Storage,SUP_E,1,146.78,0,0,0
11/3/22,7,Storage,SUP_E,3,149.39,0,0,0
11/4/22,7,Storage,SUP_E,4,144.33,0,0,0
11/5/22,7,Storage,SUP_E,2,151.65,0,0,0
11/6/22,7,Storage,SUP_E,4,144.93,0,0,0
11/7/22,7,Storage,SUP_E,4,143.54,0,0,0
11/8/22,7,Storage,SUP_E,1,141.23,0,0,0
11/9/22,7,Storage,SUP_E,1,146.7,0,0,0
11/10/22,7,Storage,SUP_E,4,141.88,0,0,0
11/11/22,7,Storage,SUP_E,2,151.81,0,0,0
11/12/22,7,Storage,SUP_E,8,149.05,0,0,0
11/13/22,7,Storage,SUP_E,1,145.24,0,0,0
11/14/22,7,Storage,SUP_E,2,150.05,0,0,0
11/15/22,7,Storage,SUP_E,0,154.23,0,0,0
11/16/22,7,Storage,SUP_E,3,148.74,0,0,0
11/17/22,7,Storage,SUP_E,0,151.31,0,0,0
11/18/22,7,Storage,SUP_E,2,144.25,0,0,0
11/19/22,7,Storage,SUP_E,2,147.51,0,0,0
11/20/22,7,Storage,SUP_E,4,141.33,0,0,0
11/21/22,7,Storage,SUP_E,2,143.89,0,1,0
11/22/22,7,Storage,SUP_E,2,143.04,0,1,0
11/23/22,7,Storage,SUP_E,0,153.91,0,1,0
