Sales_History.csv
date,sku_id,category,supplier_id,units_sold,price,promo_flag,is_black_friday_week,is_christmas_peak
11/24/22,7,Storage,SUP_E,2,142.06,0,1,0
11/25/22,7,Storage,SUP_E,4,145.57,0,1,0
11/26/22,7,Storage,SUP_E,0,150.94,0,1,0
11/27/22,7,Storage,SUP_E,0,145.67,0,1,0
11/28/22,7,Storage,SUP_E,1,152.98,0,1,0
11/29/22,7,Storage,SUP_E,3,153.3,0,1,0
11/30/22,7,Storage,SUP_E,1,145.24,0,0,0
12/1/22,7,Storage,SUP_E,0,146.6,0,0,1
12/2/22,7,Storage,SUP_E,2,146.18,0,0,1
12/3/22,7,Storage,SUP_E,5,147.46,0,0,1
12/4/22,7,Storage,SUP_E,3,141.03,0,0,1
12/5/22,7,Storage,SUP_E,3,140.96,0,0,1
12/6/22,7,Storage,SUP_E,2,142.64,0,0,1
12/7/22,7,Storage,SUP_E,4,143.03,0,0,1
12/8/22,7,Storage,SUP_E,4,153.27,0,0,1
12/9/22,7,Storage,SUP_E,2,149.58,0,0,1
12/10/22,7,Storage,SUP_E,2,147,0,0,1
12/11/22,7,Storage,SUP_E,1,153.98,0,0,1
12/12/22,7,Storage,SUP_E,1,143.35,0,0,1
12/13/22,7,Storage,SUP_E,0,149.47,0,0,1
12/14/22,7,Storage,SUP_E,4,151.93,0,0,1
12/15/22,7,Storage,SUP_E,2,153.85,0,0,1
12/16/22,7,Storage,SUP_E,2,149.99,0,0,1
12/17/22,7,Storage,SUP_E,1,142.41,0,0,1
12/18/22,7,Storage,SUP_E,2,146.97,0,0,1
12/19/22,7,Storage,SUP_E,2,133.64,1,0,1
12/20/22,7,Storage,SUP_E,3,115.7,1,0,1
12/21/22,7,Storage,SUP_E,5,129.45,1,0,1
12/22/22,7,Storage,SUP_E,3,116.65,1,0,1
12/23/22,7,Storage,SUP_E,1,106.46,1,0,1
12/24/22,7,Storage,SUP_E,1,116.94,1,0,1
12/25/22,7,Storage,SUP_E,1,125.84,1,0,0
12/26/22,7,Storage,SUP_E,2,154.29,0,0,0
12/27/22,7,Storage,SUP_E,2,150.91,0,0,0
12/28/22,7,Storage,SUP_E,1,144.81,0,0,0
12/29/22,7,Storage,SUP_E,2,151.12,0,0,0
12/30/22,7,Storage,SUP_E,5,144.19,0,0,0
12/31/22,7,Storage,SUP_E,2,150.46,0,0,0
1/1/23,7,Storage,SUP_E,0,143.58,0,0,0
1/2/23,7,Storage,SUP_E,4,99.01,1,0,0
1/3/23,7,Storage,SUP_E,2,120.92,1,0,0
1/4/23,7,Storage,SUP_E,1,117.38,1,0,0
1/5/23,7,Storage,SUP_E,1,123.37,1,0,0
1/6/23,7,Storage,SUP_E,1,102.24,1,0,0
1/7/23,7,Storage,SUP_E,5,120.87,1,0,0
1/8/23,7,Storage,SUP_E,5,108.36,1,0,0
1/9/23,7,Storage,SUP_E,1,146.04,0,0,0
1/10/23,7,Storage,SUP_E,2,135.55,0,0,0
1/11/23,7,Storage,SUP_E,1,138.97,0,0,0
1/12/23,7,Storage,SUP_E,0,134.74,0,0,0
1/13/23,7,Storage,SUP_E,4,138.42,0,0,0
1/14/23,7,Storage,SUP_E,3,137.55,0,0,0
1/15/23,7,Storage,SUP_E,0,144.52,0,0,0
1/16/23,7,Storage,SUP_E,2,135.6,0,0,0
1/17/23,7,Storage,SUP_E,1,144.99,0,0,0
1/18/23,7,Storage,SUP_E,1,139.62,0,0,0
1/19/23,7,Storage,SUP_E,3,142.91,0,0,0
1/20/23,7,Storage,SUP_E,1,133.99,0,0,0
1/21/23,7,Storage,SUP_E,2,142.61,0,0,0
1/22/23,7,Storage,SUP_E,0,139.54,0,0,0
